Archive member included to satisfy reference by file (symbol)

c:/program files (x86)/atollic/truestudio for stm32 9.0.0/armtools/bin/../lib/gcc/arm-atollic-eabi/6.3.1/../../../../arm-atollic-eabi/lib/armv7e-m/fpu\libc_nano.a(lib_a-init.o)
                              startup\startup_stm32f303xe.o (__libc_init_array)
c:/program files (x86)/atollic/truestudio for stm32 9.0.0/armtools/bin/../lib/gcc/arm-atollic-eabi/6.3.1/armv7e-m/fpu\libgcc.a(_lshrdi3.o)
                              Drivers\STM32F3xx_HAL_Driver\Src\stm32f3xx_hal_flash.o (__aeabi_llsr)

Allocating common symbols
Common symbol       size              file

uwTick              0x4               Drivers\STM32F3xx_HAL_Driver\Src\stm32f3xx_hal.o
pFlash              0x20              Drivers\STM32F3xx_HAL_Driver\Src\stm32f3xx_hal_flash.o
huart1              0x70              Src\main.o
huart2              0x70              Src\main.o

Discarded input sections

 .text          0x00000000        0x0 c:/program files (x86)/atollic/truestudio for stm32 9.0.0/armtools/bin/../lib/gcc/arm-atollic-eabi/6.3.1/armv7e-m/fpu/crti.o
 .data          0x00000000        0x0 c:/program files (x86)/atollic/truestudio for stm32 9.0.0/armtools/bin/../lib/gcc/arm-atollic-eabi/6.3.1/armv7e-m/fpu/crti.o
 .bss           0x00000000        0x0 c:/program files (x86)/atollic/truestudio for stm32 9.0.0/armtools/bin/../lib/gcc/arm-atollic-eabi/6.3.1/armv7e-m/fpu/crti.o
 .data          0x00000000        0x4 c:/program files (x86)/atollic/truestudio for stm32 9.0.0/armtools/bin/../lib/gcc/arm-atollic-eabi/6.3.1/armv7e-m/fpu/crtbegin.o
 .text          0x00000000        0x0 Drivers\STM32F3xx_HAL_Driver\Src\stm32f3xx_hal.o
 .data          0x00000000        0x0 Drivers\STM32F3xx_HAL_Driver\Src\stm32f3xx_hal.o
 .bss           0x00000000        0x0 Drivers\STM32F3xx_HAL_Driver\Src\stm32f3xx_hal.o
 .text.HAL_MspInit
                0x00000000        0x2 Drivers\STM32F3xx_HAL_Driver\Src\stm32f3xx_hal.o
 .text.HAL_MspDeInit
                0x00000000        0x2 Drivers\STM32F3xx_HAL_Driver\Src\stm32f3xx_hal.o
 .text.HAL_DeInit
                0x00000000       0x24 Drivers\STM32F3xx_HAL_Driver\Src\stm32f3xx_hal.o
 .text.HAL_SuspendTick
                0x00000000       0x10 Drivers\STM32F3xx_HAL_Driver\Src\stm32f3xx_hal.o
 .text.HAL_ResumeTick
                0x00000000       0x10 Drivers\STM32F3xx_HAL_Driver\Src\stm32f3xx_hal.o
 .text.HAL_GetHalVersion
                0x00000000        0x8 Drivers\STM32F3xx_HAL_Driver\Src\stm32f3xx_hal.o
 .text.HAL_GetREVID
                0x00000000        0xc Drivers\STM32F3xx_HAL_Driver\Src\stm32f3xx_hal.o
 .text.HAL_GetDEVID
                0x00000000       0x10 Drivers\STM32F3xx_HAL_Driver\Src\stm32f3xx_hal.o
 .text.HAL_GetUIDw0
                0x00000000        0xc Drivers\STM32F3xx_HAL_Driver\Src\stm32f3xx_hal.o
 .text.HAL_GetUIDw1
                0x00000000        0xc Drivers\STM32F3xx_HAL_Driver\Src\stm32f3xx_hal.o
 .text.HAL_GetUIDw2
                0x00000000        0xc Drivers\STM32F3xx_HAL_Driver\Src\stm32f3xx_hal.o
 .text.HAL_DBGMCU_EnableDBGSleepMode
                0x00000000       0x10 Drivers\STM32F3xx_HAL_Driver\Src\stm32f3xx_hal.o
 .text.HAL_DBGMCU_DisableDBGSleepMode
                0x00000000       0x10 Drivers\STM32F3xx_HAL_Driver\Src\stm32f3xx_hal.o
 .text.HAL_DBGMCU_EnableDBGStopMode
                0x00000000       0x10 Drivers\STM32F3xx_HAL_Driver\Src\stm32f3xx_hal.o
 .text.HAL_DBGMCU_DisableDBGStopMode
                0x00000000       0x10 Drivers\STM32F3xx_HAL_Driver\Src\stm32f3xx_hal.o
 .text.HAL_DBGMCU_EnableDBGStandbyMode
                0x00000000       0x10 Drivers\STM32F3xx_HAL_Driver\Src\stm32f3xx_hal.o
 .text.HAL_DBGMCU_DisableDBGStandbyMode
                0x00000000       0x10 Drivers\STM32F3xx_HAL_Driver\Src\stm32f3xx_hal.o
 .text          0x00000000        0x0 Drivers\STM32F3xx_HAL_Driver\Src\stm32f3xx_hal_cortex.o
 .data          0x00000000        0x0 Drivers\STM32F3xx_HAL_Driver\Src\stm32f3xx_hal_cortex.o
 .bss           0x00000000        0x0 Drivers\STM32F3xx_HAL_Driver\Src\stm32f3xx_hal_cortex.o
 .text.HAL_NVIC_EnableIRQ
                0x00000000       0x18 Drivers\STM32F3xx_HAL_Driver\Src\stm32f3xx_hal_cortex.o
 .text.HAL_NVIC_DisableIRQ
                0x00000000       0x1c Drivers\STM32F3xx_HAL_Driver\Src\stm32f3xx_hal_cortex.o
 .text.HAL_NVIC_SystemReset
                0x00000000       0x24 Drivers\STM32F3xx_HAL_Driver\Src\stm32f3xx_hal_cortex.o
 .text.HAL_MPU_Disable
                0x00000000       0x1c Drivers\STM32F3xx_HAL_Driver\Src\stm32f3xx_hal_cortex.o
 .text.HAL_MPU_Enable
                0x00000000       0x1c Drivers\STM32F3xx_HAL_Driver\Src\stm32f3xx_hal_cortex.o
 .text.HAL_MPU_ConfigRegion
                0x00000000       0x50 Drivers\STM32F3xx_HAL_Driver\Src\stm32f3xx_hal_cortex.o
 .text.HAL_NVIC_GetPriorityGrouping
                0x00000000       0x10 Drivers\STM32F3xx_HAL_Driver\Src\stm32f3xx_hal_cortex.o
 .text.HAL_NVIC_GetPriority
                0x00000000       0x58 Drivers\STM32F3xx_HAL_Driver\Src\stm32f3xx_hal_cortex.o
 .text.HAL_NVIC_SetPendingIRQ
                0x00000000       0x1c Drivers\STM32F3xx_HAL_Driver\Src\stm32f3xx_hal_cortex.o
 .text.HAL_NVIC_GetPendingIRQ
                0x00000000       0x1c Drivers\STM32F3xx_HAL_Driver\Src\stm32f3xx_hal_cortex.o
 .text.HAL_NVIC_ClearPendingIRQ
                0x00000000       0x1c Drivers\STM32F3xx_HAL_Driver\Src\stm32f3xx_hal_cortex.o
 .text.HAL_NVIC_GetActive
                0x00000000       0x1c Drivers\STM32F3xx_HAL_Driver\Src\stm32f3xx_hal_cortex.o
 .text          0x00000000        0x0 Drivers\STM32F3xx_HAL_Driver\Src\stm32f3xx_hal_dma.o
 .data          0x00000000        0x0 Drivers\STM32F3xx_HAL_Driver\Src\stm32f3xx_hal_dma.o
 .bss           0x00000000        0x0 Drivers\STM32F3xx_HAL_Driver\Src\stm32f3xx_hal_dma.o
 .text.DMA_CalcBaseAndBitshift
                0x00000000       0x44 Drivers\STM32F3xx_HAL_Driver\Src\stm32f3xx_hal_dma.o
 .text.HAL_DMA_Init
                0x00000000       0x56 Drivers\STM32F3xx_HAL_Driver\Src\stm32f3xx_hal_dma.o
 .text.HAL_DMA_DeInit
                0x00000000       0x38 Drivers\STM32F3xx_HAL_Driver\Src\stm32f3xx_hal_dma.o
 .text.HAL_DMA_Start
                0x00000000       0x5c Drivers\STM32F3xx_HAL_Driver\Src\stm32f3xx_hal_dma.o
 .text.HAL_DMA_Start_IT
                0x00000000       0x7a Drivers\STM32F3xx_HAL_Driver\Src\stm32f3xx_hal_dma.o
 .text.HAL_DMA_Abort
                0x00000000       0x2c Drivers\STM32F3xx_HAL_Driver\Src\stm32f3xx_hal_dma.o
 .text.HAL_DMA_Abort_IT
                0x00000000       0x48 Drivers\STM32F3xx_HAL_Driver\Src\stm32f3xx_hal_dma.o
 .text.HAL_DMA_PollForTransfer
                0x00000000       0xc2 Drivers\STM32F3xx_HAL_Driver\Src\stm32f3xx_hal_dma.o
 .text.HAL_DMA_IRQHandler
                0x00000000       0x90 Drivers\STM32F3xx_HAL_Driver\Src\stm32f3xx_hal_dma.o
 .text.HAL_DMA_RegisterCallback
                0x00000000       0x46 Drivers\STM32F3xx_HAL_Driver\Src\stm32f3xx_hal_dma.o
 .text.HAL_DMA_UnRegisterCallback
                0x00000000       0x4e Drivers\STM32F3xx_HAL_Driver\Src\stm32f3xx_hal_dma.o
 .text.HAL_DMA_GetState
                0x00000000        0x6 Drivers\STM32F3xx_HAL_Driver\Src\stm32f3xx_hal_dma.o
 .text.HAL_DMA_GetError
                0x00000000        0x4 Drivers\STM32F3xx_HAL_Driver\Src\stm32f3xx_hal_dma.o
 .debug_info    0x00000000     0x1039 Drivers\STM32F3xx_HAL_Driver\Src\stm32f3xx_hal_dma.o
 .debug_abbrev  0x00000000      0x2b2 Drivers\STM32F3xx_HAL_Driver\Src\stm32f3xx_hal_dma.o
 .debug_loc     0x00000000      0x5a6 Drivers\STM32F3xx_HAL_Driver\Src\stm32f3xx_hal_dma.o
 .debug_aranges
                0x00000000       0x80 Drivers\STM32F3xx_HAL_Driver\Src\stm32f3xx_hal_dma.o
 .debug_ranges  0x00000000       0xa8 Drivers\STM32F3xx_HAL_Driver\Src\stm32f3xx_hal_dma.o
 .debug_line    0x00000000      0x572 Drivers\STM32F3xx_HAL_Driver\Src\stm32f3xx_hal_dma.o
 .debug_str     0x00000000      0xad1 Drivers\STM32F3xx_HAL_Driver\Src\stm32f3xx_hal_dma.o
 .comment       0x00000000       0x7d Drivers\STM32F3xx_HAL_Driver\Src\stm32f3xx_hal_dma.o
 .debug_frame   0x00000000      0x15c Drivers\STM32F3xx_HAL_Driver\Src\stm32f3xx_hal_dma.o
 .ARM.attributes
                0x00000000       0x39 Drivers\STM32F3xx_HAL_Driver\Src\stm32f3xx_hal_dma.o
 .text          0x00000000        0x0 Drivers\STM32F3xx_HAL_Driver\Src\stm32f3xx_hal_flash.o
 .data          0x00000000        0x0 Drivers\STM32F3xx_HAL_Driver\Src\stm32f3xx_hal_flash.o
 .bss           0x00000000        0x0 Drivers\STM32F3xx_HAL_Driver\Src\stm32f3xx_hal_flash.o
 .text.FLASH_SetErrorCode
                0x00000000       0x38 Drivers\STM32F3xx_HAL_Driver\Src\stm32f3xx_hal_flash.o
 .text.HAL_FLASH_Program_IT
                0x00000000       0x5c Drivers\STM32F3xx_HAL_Driver\Src\stm32f3xx_hal_flash.o
 .text.HAL_FLASH_EndOfOperationCallback
                0x00000000        0x2 Drivers\STM32F3xx_HAL_Driver\Src\stm32f3xx_hal_flash.o
 .text.HAL_FLASH_OperationErrorCallback
                0x00000000        0x2 Drivers\STM32F3xx_HAL_Driver\Src\stm32f3xx_hal_flash.o
 .text.HAL_FLASH_IRQHandler
                0x00000000      0x114 Drivers\STM32F3xx_HAL_Driver\Src\stm32f3xx_hal_flash.o
 .text.HAL_FLASH_Unlock
                0x00000000       0x24 Drivers\STM32F3xx_HAL_Driver\Src\stm32f3xx_hal_flash.o
 .text.HAL_FLASH_Lock
                0x00000000       0x14 Drivers\STM32F3xx_HAL_Driver\Src\stm32f3xx_hal_flash.o
 .text.HAL_FLASH_OB_Unlock
                0x00000000       0x24 Drivers\STM32F3xx_HAL_Driver\Src\stm32f3xx_hal_flash.o
 .text.HAL_FLASH_OB_Lock
                0x00000000       0x14 Drivers\STM32F3xx_HAL_Driver\Src\stm32f3xx_hal_flash.o
 .text.HAL_FLASH_GetError
                0x00000000        0xc Drivers\STM32F3xx_HAL_Driver\Src\stm32f3xx_hal_flash.o
 .text.FLASH_WaitForLastOperation
                0x00000000       0x50 Drivers\STM32F3xx_HAL_Driver\Src\stm32f3xx_hal_flash.o
 .text.HAL_FLASH_Program
                0x00000000       0x8c Drivers\STM32F3xx_HAL_Driver\Src\stm32f3xx_hal_flash.o
 .text.HAL_FLASH_OB_Launch
                0x00000000       0x18 Drivers\STM32F3xx_HAL_Driver\Src\stm32f3xx_hal_flash.o
 .debug_info    0x00000000      0xe85 Drivers\STM32F3xx_HAL_Driver\Src\stm32f3xx_hal_flash.o
 .debug_abbrev  0x00000000      0x373 Drivers\STM32F3xx_HAL_Driver\Src\stm32f3xx_hal_flash.o
 .debug_loc     0x00000000      0x315 Drivers\STM32F3xx_HAL_Driver\Src\stm32f3xx_hal_flash.o
 .debug_aranges
                0x00000000       0x78 Drivers\STM32F3xx_HAL_Driver\Src\stm32f3xx_hal_flash.o
 .debug_ranges  0x00000000       0xb8 Drivers\STM32F3xx_HAL_Driver\Src\stm32f3xx_hal_flash.o
 .debug_line    0x00000000      0x4bd Drivers\STM32F3xx_HAL_Driver\Src\stm32f3xx_hal_flash.o
 .debug_str     0x00000000      0x9c4 Drivers\STM32F3xx_HAL_Driver\Src\stm32f3xx_hal_flash.o
 .comment       0x00000000       0x7d Drivers\STM32F3xx_HAL_Driver\Src\stm32f3xx_hal_flash.o
 .debug_frame   0x00000000      0x120 Drivers\STM32F3xx_HAL_Driver\Src\stm32f3xx_hal_flash.o
 .ARM.attributes
                0x00000000       0x39 Drivers\STM32F3xx_HAL_Driver\Src\stm32f3xx_hal_flash.o
 COMMON         0x00000000       0x20 Drivers\STM32F3xx_HAL_Driver\Src\stm32f3xx_hal_flash.o
 .text          0x00000000        0x0 Drivers\STM32F3xx_HAL_Driver\Src\stm32f3xx_hal_flash_ex.o
 .data          0x00000000        0x0 Drivers\STM32F3xx_HAL_Driver\Src\stm32f3xx_hal_flash_ex.o
 .bss           0x00000000        0x0 Drivers\STM32F3xx_HAL_Driver\Src\stm32f3xx_hal_flash_ex.o
 .text.FLASH_MassErase
                0x00000000       0x24 Drivers\STM32F3xx_HAL_Driver\Src\stm32f3xx_hal_flash_ex.o
 .text.FLASH_OB_RDP_LevelConfig
                0x00000000       0x64 Drivers\STM32F3xx_HAL_Driver\Src\stm32f3xx_hal_flash_ex.o
 .text.HAL_FLASHEx_OBErase
                0x00000000       0x60 Drivers\STM32F3xx_HAL_Driver\Src\stm32f3xx_hal_flash_ex.o
 .text.HAL_FLASHEx_OBProgram
                0x00000000      0x1fc Drivers\STM32F3xx_HAL_Driver\Src\stm32f3xx_hal_flash_ex.o
 .text.HAL_FLASHEx_OBGetConfig
                0x00000000       0x40 Drivers\STM32F3xx_HAL_Driver\Src\stm32f3xx_hal_flash_ex.o
 .text.HAL_FLASHEx_OBGetUserData
                0x00000000       0x38 Drivers\STM32F3xx_HAL_Driver\Src\stm32f3xx_hal_flash_ex.o
 .text.FLASH_PageErase
                0x00000000       0x24 Drivers\STM32F3xx_HAL_Driver\Src\stm32f3xx_hal_flash_ex.o
 .text.HAL_FLASHEx_Erase
                0x00000000       0x9c Drivers\STM32F3xx_HAL_Driver\Src\stm32f3xx_hal_flash_ex.o
 .text.HAL_FLASHEx_Erase_IT
                0x00000000       0x54 Drivers\STM32F3xx_HAL_Driver\Src\stm32f3xx_hal_flash_ex.o
 .debug_info    0x00000000     0x13a2 Drivers\STM32F3xx_HAL_Driver\Src\stm32f3xx_hal_flash_ex.o
 .debug_abbrev  0x00000000      0x359 Drivers\STM32F3xx_HAL_Driver\Src\stm32f3xx_hal_flash_ex.o
 .debug_loc     0x00000000      0x712 Drivers\STM32F3xx_HAL_Driver\Src\stm32f3xx_hal_flash_ex.o
 .debug_aranges
                0x00000000       0x60 Drivers\STM32F3xx_HAL_Driver\Src\stm32f3xx_hal_flash_ex.o
 .debug_ranges  0x00000000      0x100 Drivers\STM32F3xx_HAL_Driver\Src\stm32f3xx_hal_flash_ex.o
 .debug_line    0x00000000      0x54d Drivers\STM32F3xx_HAL_Driver\Src\stm32f3xx_hal_flash_ex.o
 .debug_str     0x00000000      0xaf4 Drivers\STM32F3xx_HAL_Driver\Src\stm32f3xx_hal_flash_ex.o
 .comment       0x00000000       0x7d Drivers\STM32F3xx_HAL_Driver\Src\stm32f3xx_hal_flash_ex.o
 .debug_frame   0x00000000       0xf0 Drivers\STM32F3xx_HAL_Driver\Src\stm32f3xx_hal_flash_ex.o
 .ARM.attributes
                0x00000000       0x39 Drivers\STM32F3xx_HAL_Driver\Src\stm32f3xx_hal_flash_ex.o
 .text          0x00000000        0x0 Drivers\STM32F3xx_HAL_Driver\Src\stm32f3xx_hal_gpio.o
 .data          0x00000000        0x0 Drivers\STM32F3xx_HAL_Driver\Src\stm32f3xx_hal_gpio.o
 .bss           0x00000000        0x0 Drivers\STM32F3xx_HAL_Driver\Src\stm32f3xx_hal_gpio.o
 .text.HAL_GPIO_DeInit
                0x00000000      0x11c Drivers\STM32F3xx_HAL_Driver\Src\stm32f3xx_hal_gpio.o
 .text.HAL_GPIO_ReadPin
                0x00000000        0xc Drivers\STM32F3xx_HAL_Driver\Src\stm32f3xx_hal_gpio.o
 .text.HAL_GPIO_TogglePin
                0x00000000        0x8 Drivers\STM32F3xx_HAL_Driver\Src\stm32f3xx_hal_gpio.o
 .text.HAL_GPIO_LockPin
                0x00000000       0x2a Drivers\STM32F3xx_HAL_Driver\Src\stm32f3xx_hal_gpio.o
 .text.HAL_GPIO_EXTI_Callback
                0x00000000        0x2 Drivers\STM32F3xx_HAL_Driver\Src\stm32f3xx_hal_gpio.o
 .text.HAL_GPIO_EXTI_IRQHandler
                0x00000000       0x18 Drivers\STM32F3xx_HAL_Driver\Src\stm32f3xx_hal_gpio.o
 .text          0x00000000        0x0 Drivers\STM32F3xx_HAL_Driver\Src\stm32f3xx_hal_i2c.o
 .data          0x00000000        0x0 Drivers\STM32F3xx_HAL_Driver\Src\stm32f3xx_hal_i2c.o
 .bss           0x00000000        0x0 Drivers\STM32F3xx_HAL_Driver\Src\stm32f3xx_hal_i2c.o
 .text.I2C_Flush_TXDR
                0x00000000       0x1c Drivers\STM32F3xx_HAL_Driver\Src\stm32f3xx_hal_i2c.o
 .text.I2C_DMASlaveReceiveCplt
                0x00000000        0x2 Drivers\STM32F3xx_HAL_Driver\Src\stm32f3xx_hal_i2c.o
 .text.I2C_TransferConfig
                0x00000000       0x2a Drivers\STM32F3xx_HAL_Driver\Src\stm32f3xx_hal_i2c.o
 .text.I2C_Enable_IRQ
                0x00000000       0x6c Drivers\STM32F3xx_HAL_Driver\Src\stm32f3xx_hal_i2c.o
 .text.I2C_Disable_IRQ
                0x00000000       0x5c Drivers\STM32F3xx_HAL_Driver\Src\stm32f3xx_hal_i2c.o
 .text.I2C_WaitOnFlagUntilTimeout
                0x00000000       0x4e Drivers\STM32F3xx_HAL_Driver\Src\stm32f3xx_hal_i2c.o
 .text.I2C_DMAMasterTransmitCplt
                0x00000000       0x42 Drivers\STM32F3xx_HAL_Driver\Src\stm32f3xx_hal_i2c.o
 .text.I2C_DMAMasterReceiveCplt
                0x00000000       0x42 Drivers\STM32F3xx_HAL_Driver\Src\stm32f3xx_hal_i2c.o
 .text.I2C_IsAcknowledgeFailed
                0x00000000       0x7a Drivers\STM32F3xx_HAL_Driver\Src\stm32f3xx_hal_i2c.o
 .text.I2C_WaitOnTXISFlagUntilTimeout
                0x00000000       0x52 Drivers\STM32F3xx_HAL_Driver\Src\stm32f3xx_hal_i2c.o
 .text.I2C_RequestMemoryWrite
                0x00000000       0x68 Drivers\STM32F3xx_HAL_Driver\Src\stm32f3xx_hal_i2c.o
 .text.I2C_RequestMemoryRead
                0x00000000       0x66 Drivers\STM32F3xx_HAL_Driver\Src\stm32f3xx_hal_i2c.o
 .text.I2C_WaitOnRXNEFlagUntilTimeout
                0x00000000       0x78 Drivers\STM32F3xx_HAL_Driver\Src\stm32f3xx_hal_i2c.o
 .text.I2C_DMASlaveTransmitCplt
                0x00000000        0x2 Drivers\STM32F3xx_HAL_Driver\Src\stm32f3xx_hal_i2c.o
 .text.I2C_WaitOnSTOPFlagUntilTimeout
                0x00000000       0x4e Drivers\STM32F3xx_HAL_Driver\Src\stm32f3xx_hal_i2c.o
 .text.HAL_I2C_MspInit
                0x00000000        0x2 Drivers\STM32F3xx_HAL_Driver\Src\stm32f3xx_hal_i2c.o
 .text.HAL_I2C_Init
                0x00000000       0xa2 Drivers\STM32F3xx_HAL_Driver\Src\stm32f3xx_hal_i2c.o
 .text.HAL_I2C_MspDeInit
                0x00000000        0x2 Drivers\STM32F3xx_HAL_Driver\Src\stm32f3xx_hal_i2c.o
 .text.HAL_I2C_DeInit
                0x00000000       0x32 Drivers\STM32F3xx_HAL_Driver\Src\stm32f3xx_hal_i2c.o
 .text.HAL_I2C_Master_Transmit
                0x00000000      0x132 Drivers\STM32F3xx_HAL_Driver\Src\stm32f3xx_hal_i2c.o
 .text.HAL_I2C_Master_Receive
                0x00000000      0x132 Drivers\STM32F3xx_HAL_Driver\Src\stm32f3xx_hal_i2c.o
 .text.HAL_I2C_Slave_Transmit
                0x00000000      0x13c Drivers\STM32F3xx_HAL_Driver\Src\stm32f3xx_hal_i2c.o
 .text.HAL_I2C_Slave_Receive
                0x00000000      0x13a Drivers\STM32F3xx_HAL_Driver\Src\stm32f3xx_hal_i2c.o
 .text.HAL_I2C_Master_Transmit_IT
                0x00000000       0x88 Drivers\STM32F3xx_HAL_Driver\Src\stm32f3xx_hal_i2c.o
 .text.HAL_I2C_Master_Receive_IT
                0x00000000       0x88 Drivers\STM32F3xx_HAL_Driver\Src\stm32f3xx_hal_i2c.o
 .text.HAL_I2C_Slave_Transmit_IT
                0x00000000       0x58 Drivers\STM32F3xx_HAL_Driver\Src\stm32f3xx_hal_i2c.o
 .text.HAL_I2C_Slave_Receive_IT
                0x00000000       0x58 Drivers\STM32F3xx_HAL_Driver\Src\stm32f3xx_hal_i2c.o
 .text.HAL_I2C_Master_Transmit_DMA
                0x00000000       0xf8 Drivers\STM32F3xx_HAL_Driver\Src\stm32f3xx_hal_i2c.o
 .text.HAL_I2C_Master_Receive_DMA
                0x00000000       0xf4 Drivers\STM32F3xx_HAL_Driver\Src\stm32f3xx_hal_i2c.o
 .text.HAL_I2C_Slave_Transmit_DMA
                0x00000000       0x98 Drivers\STM32F3xx_HAL_Driver\Src\stm32f3xx_hal_i2c.o
 .text.HAL_I2C_Slave_Receive_DMA
                0x00000000       0x9c Drivers\STM32F3xx_HAL_Driver\Src\stm32f3xx_hal_i2c.o
 .text.HAL_I2C_Mem_Write
                0x00000000      0x170 Drivers\STM32F3xx_HAL_Driver\Src\stm32f3xx_hal_i2c.o
 .text.HAL_I2C_Mem_Read
                0x00000000      0x17c Drivers\STM32F3xx_HAL_Driver\Src\stm32f3xx_hal_i2c.o
 .text.HAL_I2C_Mem_Write_IT
                0x00000000       0xd8 Drivers\STM32F3xx_HAL_Driver\Src\stm32f3xx_hal_i2c.o
 .text.HAL_I2C_Mem_Read_IT
                0x00000000       0xdc Drivers\STM32F3xx_HAL_Driver\Src\stm32f3xx_hal_i2c.o
 .text.HAL_I2C_Mem_Write_DMA
                0x00000000      0x10c Drivers\STM32F3xx_HAL_Driver\Src\stm32f3xx_hal_i2c.o
 .text.HAL_I2C_Mem_Read_DMA
                0x00000000      0x110 Drivers\STM32F3xx_HAL_Driver\Src\stm32f3xx_hal_i2c.o
 .text.HAL_I2C_IsDeviceReady
                0x00000000      0x114 Drivers\STM32F3xx_HAL_Driver\Src\stm32f3xx_hal_i2c.o
 .text.HAL_I2C_Master_Sequential_Transmit_IT
                0x00000000       0x84 Drivers\STM32F3xx_HAL_Driver\Src\stm32f3xx_hal_i2c.o
 .text.HAL_I2C_Master_Sequential_Receive_IT
                0x00000000       0x84 Drivers\STM32F3xx_HAL_Driver\Src\stm32f3xx_hal_i2c.o
 .text.HAL_I2C_Slave_Sequential_Transmit_IT
                0x00000000       0x90 Drivers\STM32F3xx_HAL_Driver\Src\stm32f3xx_hal_i2c.o
 .text.HAL_I2C_Slave_Sequential_Receive_IT
                0x00000000       0x90 Drivers\STM32F3xx_HAL_Driver\Src\stm32f3xx_hal_i2c.o
 .text.HAL_I2C_EnableListen_IT
                0x00000000       0x28 Drivers\STM32F3xx_HAL_Driver\Src\stm32f3xx_hal_i2c.o
 .text.HAL_I2C_DisableListen_IT
                0x00000000       0x36 Drivers\STM32F3xx_HAL_Driver\Src\stm32f3xx_hal_i2c.o
 .text.HAL_I2C_Master_Abort_IT
                0x00000000       0x60 Drivers\STM32F3xx_HAL_Driver\Src\stm32f3xx_hal_i2c.o
 .text.HAL_I2C_EV_IRQHandler
                0x00000000        0xe Drivers\STM32F3xx_HAL_Driver\Src\stm32f3xx_hal_i2c.o
 .text.HAL_I2C_MasterTxCpltCallback
                0x00000000        0x2 Drivers\STM32F3xx_HAL_Driver\Src\stm32f3xx_hal_i2c.o
 .text.HAL_I2C_MasterRxCpltCallback
                0x00000000        0x2 Drivers\STM32F3xx_HAL_Driver\Src\stm32f3xx_hal_i2c.o
 .text.I2C_ITMasterSequentialCplt
                0x00000000       0x4a Drivers\STM32F3xx_HAL_Driver\Src\stm32f3xx_hal_i2c.o
 .text.HAL_I2C_SlaveTxCpltCallback
                0x00000000        0x2 Drivers\STM32F3xx_HAL_Driver\Src\stm32f3xx_hal_i2c.o
 .text.HAL_I2C_SlaveRxCpltCallback
                0x00000000        0x2 Drivers\STM32F3xx_HAL_Driver\Src\stm32f3xx_hal_i2c.o
 .text.I2C_ITSlaveSequentialCplt
                0x00000000       0x52 Drivers\STM32F3xx_HAL_Driver\Src\stm32f3xx_hal_i2c.o
 .text.HAL_I2C_AddrCallback
                0x00000000        0x2 Drivers\STM32F3xx_HAL_Driver\Src\stm32f3xx_hal_i2c.o
 .text.HAL_I2C_ListenCpltCallback
                0x00000000        0x2 Drivers\STM32F3xx_HAL_Driver\Src\stm32f3xx_hal_i2c.o
 .text.I2C_ITListenCplt
                0x00000000       0x60 Drivers\STM32F3xx_HAL_Driver\Src\stm32f3xx_hal_i2c.o
 .text.HAL_I2C_MemTxCpltCallback
                0x00000000        0x2 Drivers\STM32F3xx_HAL_Driver\Src\stm32f3xx_hal_i2c.o
 .text.HAL_I2C_MemRxCpltCallback
                0x00000000        0x2 Drivers\STM32F3xx_HAL_Driver\Src\stm32f3xx_hal_i2c.o
 .text.HAL_I2C_ErrorCallback
                0x00000000        0x2 Drivers\STM32F3xx_HAL_Driver\Src\stm32f3xx_hal_i2c.o
 .text.HAL_I2C_AbortCpltCallback
                0x00000000        0x2 Drivers\STM32F3xx_HAL_Driver\Src\stm32f3xx_hal_i2c.o
 .text.I2C_ITError
                0x00000000       0xe4 Drivers\STM32F3xx_HAL_Driver\Src\stm32f3xx_hal_i2c.o
 .text.I2C_ITSlaveCplt
                0x00000000      0x100 Drivers\STM32F3xx_HAL_Driver\Src\stm32f3xx_hal_i2c.o
 .text.I2C_Slave_ISR_IT
                0x00000000      0x1b0 Drivers\STM32F3xx_HAL_Driver\Src\stm32f3xx_hal_i2c.o
 .text.I2C_Slave_ISR_DMA
                0x00000000       0x6e Drivers\STM32F3xx_HAL_Driver\Src\stm32f3xx_hal_i2c.o
 .text.I2C_ITMasterCplt
                0x00000000       0xb8 Drivers\STM32F3xx_HAL_Driver\Src\stm32f3xx_hal_i2c.o
 .text.I2C_Master_ISR_IT
                0x00000000      0x11e Drivers\STM32F3xx_HAL_Driver\Src\stm32f3xx_hal_i2c.o
 .text.I2C_Master_ISR_DMA
                0x00000000       0xc6 Drivers\STM32F3xx_HAL_Driver\Src\stm32f3xx_hal_i2c.o
 .text.I2C_DMAError
                0x00000000       0x12 Drivers\STM32F3xx_HAL_Driver\Src\stm32f3xx_hal_i2c.o
 .text.HAL_I2C_ER_IRQHandler
                0x00000000       0x62 Drivers\STM32F3xx_HAL_Driver\Src\stm32f3xx_hal_i2c.o
 .text.I2C_DMAAbort
                0x00000000       0x32 Drivers\STM32F3xx_HAL_Driver\Src\stm32f3xx_hal_i2c.o
 .text.HAL_I2C_GetState
                0x00000000        0x6 Drivers\STM32F3xx_HAL_Driver\Src\stm32f3xx_hal_i2c.o
 .text.HAL_I2C_GetMode
                0x00000000        0x6 Drivers\STM32F3xx_HAL_Driver\Src\stm32f3xx_hal_i2c.o
 .text.HAL_I2C_GetError
                0x00000000        0x4 Drivers\STM32F3xx_HAL_Driver\Src\stm32f3xx_hal_i2c.o
 .debug_info    0x00000000     0x3943 Drivers\STM32F3xx_HAL_Driver\Src\stm32f3xx_hal_i2c.o
 .debug_abbrev  0x00000000      0x3b8 Drivers\STM32F3xx_HAL_Driver\Src\stm32f3xx_hal_i2c.o
 .debug_loc     0x00000000     0x314b Drivers\STM32F3xx_HAL_Driver\Src\stm32f3xx_hal_i2c.o
 .debug_aranges
                0x00000000      0x200 Drivers\STM32F3xx_HAL_Driver\Src\stm32f3xx_hal_i2c.o
 .debug_ranges  0x00000000      0x268 Drivers\STM32F3xx_HAL_Driver\Src\stm32f3xx_hal_i2c.o
 .debug_line    0x00000000     0x15c4 Drivers\STM32F3xx_HAL_Driver\Src\stm32f3xx_hal_i2c.o
 .debug_str     0x00000000     0x1325 Drivers\STM32F3xx_HAL_Driver\Src\stm32f3xx_hal_i2c.o
 .comment       0x00000000       0x7d Drivers\STM32F3xx_HAL_Driver\Src\stm32f3xx_hal_i2c.o
 .debug_frame   0x00000000      0x804 Drivers\STM32F3xx_HAL_Driver\Src\stm32f3xx_hal_i2c.o
 .ARM.attributes
                0x00000000       0x39 Drivers\STM32F3xx_HAL_Driver\Src\stm32f3xx_hal_i2c.o
 .text          0x00000000        0x0 Drivers\STM32F3xx_HAL_Driver\Src\stm32f3xx_hal_i2c_ex.o
 .data          0x00000000        0x0 Drivers\STM32F3xx_HAL_Driver\Src\stm32f3xx_hal_i2c_ex.o
 .bss           0x00000000        0x0 Drivers\STM32F3xx_HAL_Driver\Src\stm32f3xx_hal_i2c_ex.o
 .text.HAL_I2CEx_ConfigAnalogFilter
                0x00000000       0x4c Drivers\STM32F3xx_HAL_Driver\Src\stm32f3xx_hal_i2c_ex.o
 .text.HAL_I2CEx_ConfigDigitalFilter
                0x00000000       0x4a Drivers\STM32F3xx_HAL_Driver\Src\stm32f3xx_hal_i2c_ex.o
 .text.HAL_I2CEx_EnableWakeUp
                0x00000000       0x44 Drivers\STM32F3xx_HAL_Driver\Src\stm32f3xx_hal_i2c_ex.o
 .text.HAL_I2CEx_DisableWakeUp
                0x00000000       0x44 Drivers\STM32F3xx_HAL_Driver\Src\stm32f3xx_hal_i2c_ex.o
 .text.HAL_I2CEx_EnableFastModePlus
                0x00000000       0x2c Drivers\STM32F3xx_HAL_Driver\Src\stm32f3xx_hal_i2c_ex.o
 .text.HAL_I2CEx_DisableFastModePlus
                0x00000000       0x2c Drivers\STM32F3xx_HAL_Driver\Src\stm32f3xx_hal_i2c_ex.o
 .debug_info    0x00000000     0x114e Drivers\STM32F3xx_HAL_Driver\Src\stm32f3xx_hal_i2c_ex.o
 .debug_abbrev  0x00000000      0x218 Drivers\STM32F3xx_HAL_Driver\Src\stm32f3xx_hal_i2c_ex.o
 .debug_loc     0x00000000      0x1b8 Drivers\STM32F3xx_HAL_Driver\Src\stm32f3xx_hal_i2c_ex.o
 .debug_aranges
                0x00000000       0x48 Drivers\STM32F3xx_HAL_Driver\Src\stm32f3xx_hal_i2c_ex.o
 .debug_ranges  0x00000000       0x68 Drivers\STM32F3xx_HAL_Driver\Src\stm32f3xx_hal_i2c_ex.o
 .debug_line    0x00000000      0x3f1 Drivers\STM32F3xx_HAL_Driver\Src\stm32f3xx_hal_i2c_ex.o
 .debug_str     0x00000000      0xd0e Drivers\STM32F3xx_HAL_Driver\Src\stm32f3xx_hal_i2c_ex.o
 .comment       0x00000000       0x7d Drivers\STM32F3xx_HAL_Driver\Src\stm32f3xx_hal_i2c_ex.o
 .debug_frame   0x00000000       0x90 Drivers\STM32F3xx_HAL_Driver\Src\stm32f3xx_hal_i2c_ex.o
 .ARM.attributes
                0x00000000       0x39 Drivers\STM32F3xx_HAL_Driver\Src\stm32f3xx_hal_i2c_ex.o
 .text          0x00000000        0x0 Drivers\STM32F3xx_HAL_Driver\Src\stm32f3xx_hal_pwr.o
 .data          0x00000000        0x0 Drivers\STM32F3xx_HAL_Driver\Src\stm32f3xx_hal_pwr.o
 .bss           0x00000000        0x0 Drivers\STM32F3xx_HAL_Driver\Src\stm32f3xx_hal_pwr.o
 .text.HAL_PWR_DeInit
                0x00000000       0x18 Drivers\STM32F3xx_HAL_Driver\Src\stm32f3xx_hal_pwr.o
 .text.HAL_PWR_EnableBkUpAccess
                0x00000000       0x10 Drivers\STM32F3xx_HAL_Driver\Src\stm32f3xx_hal_pwr.o
 .text.HAL_PWR_DisableBkUpAccess
                0x00000000       0x10 Drivers\STM32F3xx_HAL_Driver\Src\stm32f3xx_hal_pwr.o
 .text.HAL_PWR_EnableWakeUpPin
                0x00000000       0x10 Drivers\STM32F3xx_HAL_Driver\Src\stm32f3xx_hal_pwr.o
 .text.HAL_PWR_DisableWakeUpPin
                0x00000000       0x10 Drivers\STM32F3xx_HAL_Driver\Src\stm32f3xx_hal_pwr.o
 .text.HAL_PWR_EnterSLEEPMode
                0x00000000       0x20 Drivers\STM32F3xx_HAL_Driver\Src\stm32f3xx_hal_pwr.o
 .text.HAL_PWR_EnterSTOPMode
                0x00000000       0x38 Drivers\STM32F3xx_HAL_Driver\Src\stm32f3xx_hal_pwr.o
 .text.HAL_PWR_EnterSTANDBYMode
                0x00000000       0x20 Drivers\STM32F3xx_HAL_Driver\Src\stm32f3xx_hal_pwr.o
 .text.HAL_PWR_EnableSleepOnExit
                0x00000000       0x10 Drivers\STM32F3xx_HAL_Driver\Src\stm32f3xx_hal_pwr.o
 .text.HAL_PWR_DisableSleepOnExit
                0x00000000       0x10 Drivers\STM32F3xx_HAL_Driver\Src\stm32f3xx_hal_pwr.o
 .text.HAL_PWR_EnableSEVOnPend
                0x00000000       0x10 Drivers\STM32F3xx_HAL_Driver\Src\stm32f3xx_hal_pwr.o
 .text.HAL_PWR_DisableSEVOnPend
                0x00000000       0x10 Drivers\STM32F3xx_HAL_Driver\Src\stm32f3xx_hal_pwr.o
 .debug_info    0x00000000      0xdc8 Drivers\STM32F3xx_HAL_Driver\Src\stm32f3xx_hal_pwr.o
 .debug_abbrev  0x00000000      0x202 Drivers\STM32F3xx_HAL_Driver\Src\stm32f3xx_hal_pwr.o
 .debug_loc     0x00000000       0x8d Drivers\STM32F3xx_HAL_Driver\Src\stm32f3xx_hal_pwr.o
 .debug_aranges
                0x00000000       0x78 Drivers\STM32F3xx_HAL_Driver\Src\stm32f3xx_hal_pwr.o
 .debug_ranges  0x00000000       0x68 Drivers\STM32F3xx_HAL_Driver\Src\stm32f3xx_hal_pwr.o
 .debug_line    0x00000000      0x35a Drivers\STM32F3xx_HAL_Driver\Src\stm32f3xx_hal_pwr.o
 .debug_str     0x00000000      0x892 Drivers\STM32F3xx_HAL_Driver\Src\stm32f3xx_hal_pwr.o
 .comment       0x00000000       0x7d Drivers\STM32F3xx_HAL_Driver\Src\stm32f3xx_hal_pwr.o
 .debug_frame   0x00000000       0xd0 Drivers\STM32F3xx_HAL_Driver\Src\stm32f3xx_hal_pwr.o
 .ARM.attributes
                0x00000000       0x39 Drivers\STM32F3xx_HAL_Driver\Src\stm32f3xx_hal_pwr.o
 .text          0x00000000        0x0 Drivers\STM32F3xx_HAL_Driver\Src\stm32f3xx_hal_pwr_ex.o
 .data          0x00000000        0x0 Drivers\STM32F3xx_HAL_Driver\Src\stm32f3xx_hal_pwr_ex.o
 .bss           0x00000000        0x0 Drivers\STM32F3xx_HAL_Driver\Src\stm32f3xx_hal_pwr_ex.o
 .text.HAL_PWR_ConfigPVD
                0x00000000       0x6c Drivers\STM32F3xx_HAL_Driver\Src\stm32f3xx_hal_pwr_ex.o
 .text.HAL_PWR_EnablePVD
                0x00000000       0x10 Drivers\STM32F3xx_HAL_Driver\Src\stm32f3xx_hal_pwr_ex.o
 .text.HAL_PWR_DisablePVD
                0x00000000       0x10 Drivers\STM32F3xx_HAL_Driver\Src\stm32f3xx_hal_pwr_ex.o
 .text.HAL_PWR_PVDCallback
                0x00000000        0x2 Drivers\STM32F3xx_HAL_Driver\Src\stm32f3xx_hal_pwr_ex.o
 .text.HAL_PWR_PVD_IRQHandler
                0x00000000       0x1c Drivers\STM32F3xx_HAL_Driver\Src\stm32f3xx_hal_pwr_ex.o
 .debug_info    0x00000000      0xaf0 Drivers\STM32F3xx_HAL_Driver\Src\stm32f3xx_hal_pwr_ex.o
 .debug_abbrev  0x00000000      0x1da Drivers\STM32F3xx_HAL_Driver\Src\stm32f3xx_hal_pwr_ex.o
 .debug_loc     0x00000000       0x21 Drivers\STM32F3xx_HAL_Driver\Src\stm32f3xx_hal_pwr_ex.o
 .debug_aranges
                0x00000000       0x40 Drivers\STM32F3xx_HAL_Driver\Src\stm32f3xx_hal_pwr_ex.o
 .debug_ranges  0x00000000       0x30 Drivers\STM32F3xx_HAL_Driver\Src\stm32f3xx_hal_pwr_ex.o
 .debug_line    0x00000000      0x301 Drivers\STM32F3xx_HAL_Driver\Src\stm32f3xx_hal_pwr_ex.o
 .debug_str     0x00000000      0x760 Drivers\STM32F3xx_HAL_Driver\Src\stm32f3xx_hal_pwr_ex.o
 .comment       0x00000000       0x7d Drivers\STM32F3xx_HAL_Driver\Src\stm32f3xx_hal_pwr_ex.o
 .debug_frame   0x00000000       0x68 Drivers\STM32F3xx_HAL_Driver\Src\stm32f3xx_hal_pwr_ex.o
 .ARM.attributes
                0x00000000       0x39 Drivers\STM32F3xx_HAL_Driver\Src\stm32f3xx_hal_pwr_ex.o
 .text          0x00000000        0x0 Drivers\STM32F3xx_HAL_Driver\Src\stm32f3xx_hal_rcc.o
 .data          0x00000000        0x0 Drivers\STM32F3xx_HAL_Driver\Src\stm32f3xx_hal_rcc.o
 .bss           0x00000000        0x0 Drivers\STM32F3xx_HAL_Driver\Src\stm32f3xx_hal_rcc.o
 .text.HAL_RCC_DeInit
                0x00000000       0x48 Drivers\STM32F3xx_HAL_Driver\Src\stm32f3xx_hal_rcc.o
 .text.HAL_RCC_MCOConfig
                0x00000000       0x50 Drivers\STM32F3xx_HAL_Driver\Src\stm32f3xx_hal_rcc.o
 .text.HAL_RCC_EnableCSS
                0x00000000       0x1c Drivers\STM32F3xx_HAL_Driver\Src\stm32f3xx_hal_rcc.o
 .text.HAL_RCC_DisableCSS
                0x00000000       0x1c Drivers\STM32F3xx_HAL_Driver\Src\stm32f3xx_hal_rcc.o
 .text.HAL_RCC_GetOscConfig
                0x00000000       0x8c Drivers\STM32F3xx_HAL_Driver\Src\stm32f3xx_hal_rcc.o
 .text.HAL_RCC_GetClockConfig
                0x00000000       0x3c Drivers\STM32F3xx_HAL_Driver\Src\stm32f3xx_hal_rcc.o
 .text.HAL_RCC_CSSCallback
                0x00000000        0x2 Drivers\STM32F3xx_HAL_Driver\Src\stm32f3xx_hal_rcc.o
 .text.HAL_RCC_NMI_IRQHandler
                0x00000000       0x20 Drivers\STM32F3xx_HAL_Driver\Src\stm32f3xx_hal_rcc.o
 .text          0x00000000        0x0 Drivers\STM32F3xx_HAL_Driver\Src\stm32f3xx_hal_rcc_ex.o
 .data          0x00000000        0x0 Drivers\STM32F3xx_HAL_Driver\Src\stm32f3xx_hal_rcc_ex.o
 .bss           0x00000000        0x0 Drivers\STM32F3xx_HAL_Driver\Src\stm32f3xx_hal_rcc_ex.o
 .text.RCC_GetPLLCLKFreq
                0x00000000       0x28 Drivers\STM32F3xx_HAL_Driver\Src\stm32f3xx_hal_rcc_ex.o
 .text.HAL_RCCEx_GetPeriphCLKConfig
                0x00000000       0xb8 Drivers\STM32F3xx_HAL_Driver\Src\stm32f3xx_hal_rcc_ex.o
 .text.HAL_RCCEx_GetPeriphCLKFreq
                0x00000000      0x304 Drivers\STM32F3xx_HAL_Driver\Src\stm32f3xx_hal_rcc_ex.o
 .rodata        0x00000000       0x20 Drivers\STM32F3xx_HAL_Driver\Src\stm32f3xx_hal_rcc_ex.o
 .text          0x00000000        0x0 Drivers\STM32F3xx_HAL_Driver\Src\stm32f3xx_hal_tim.o
 .data          0x00000000        0x0 Drivers\STM32F3xx_HAL_Driver\Src\stm32f3xx_hal_tim.o
 .bss           0x00000000        0x0 Drivers\STM32F3xx_HAL_Driver\Src\stm32f3xx_hal_tim.o
 .debug_info    0x00000000      0x927 Drivers\STM32F3xx_HAL_Driver\Src\stm32f3xx_hal_tim.o
 .debug_abbrev  0x00000000      0x15c Drivers\STM32F3xx_HAL_Driver\Src\stm32f3xx_hal_tim.o
 .debug_aranges
                0x00000000       0x18 Drivers\STM32F3xx_HAL_Driver\Src\stm32f3xx_hal_tim.o
 .debug_line    0x00000000      0x203 Drivers\STM32F3xx_HAL_Driver\Src\stm32f3xx_hal_tim.o
 .debug_str     0x00000000      0x673 Drivers\STM32F3xx_HAL_Driver\Src\stm32f3xx_hal_tim.o
 .comment       0x00000000       0x7d Drivers\STM32F3xx_HAL_Driver\Src\stm32f3xx_hal_tim.o
 .ARM.attributes
                0x00000000       0x39 Drivers\STM32F3xx_HAL_Driver\Src\stm32f3xx_hal_tim.o
 .text          0x00000000        0x0 Drivers\STM32F3xx_HAL_Driver\Src\stm32f3xx_hal_tim_ex.o
 .data          0x00000000        0x0 Drivers\STM32F3xx_HAL_Driver\Src\stm32f3xx_hal_tim_ex.o
 .bss           0x00000000        0x0 Drivers\STM32F3xx_HAL_Driver\Src\stm32f3xx_hal_tim_ex.o
 .debug_info    0x00000000      0x927 Drivers\STM32F3xx_HAL_Driver\Src\stm32f3xx_hal_tim_ex.o
 .debug_abbrev  0x00000000      0x15c Drivers\STM32F3xx_HAL_Driver\Src\stm32f3xx_hal_tim_ex.o
 .debug_aranges
                0x00000000       0x18 Drivers\STM32F3xx_HAL_Driver\Src\stm32f3xx_hal_tim_ex.o
 .debug_line    0x00000000      0x203 Drivers\STM32F3xx_HAL_Driver\Src\stm32f3xx_hal_tim_ex.o
 .debug_str     0x00000000      0x676 Drivers\STM32F3xx_HAL_Driver\Src\stm32f3xx_hal_tim_ex.o
 .comment       0x00000000       0x7d Drivers\STM32F3xx_HAL_Driver\Src\stm32f3xx_hal_tim_ex.o
 .ARM.attributes
                0x00000000       0x39 Drivers\STM32F3xx_HAL_Driver\Src\stm32f3xx_hal_tim_ex.o
 .text          0x00000000        0x0 Drivers\STM32F3xx_HAL_Driver\Src\stm32f3xx_hal_uart.o
 .data          0x00000000        0x0 Drivers\STM32F3xx_HAL_Driver\Src\stm32f3xx_hal_uart.o
 .bss           0x00000000        0x0 Drivers\STM32F3xx_HAL_Driver\Src\stm32f3xx_hal_uart.o
 .text.UART_EndRxTransfer
                0x00000000       0x1a Drivers\STM32F3xx_HAL_Driver\Src\stm32f3xx_hal_uart.o
 .text.HAL_UART_MspInit
                0x00000000        0x2 Drivers\STM32F3xx_HAL_Driver\Src\stm32f3xx_hal_uart.o
 .text.HAL_UART_MspDeInit
                0x00000000        0x2 Drivers\STM32F3xx_HAL_Driver\Src\stm32f3xx_hal_uart.o
 .text.HAL_UART_DeInit
                0x00000000       0x38 Drivers\STM32F3xx_HAL_Driver\Src\stm32f3xx_hal_uart.o
 .text.HAL_UART_Transmit_IT
                0x00000000       0x42 Drivers\STM32F3xx_HAL_Driver\Src\stm32f3xx_hal_uart.o
 .text.HAL_UART_Receive_IT
                0x00000000       0x88 Drivers\STM32F3xx_HAL_Driver\Src\stm32f3xx_hal_uart.o
 .text.HAL_UART_Transmit_DMA
                0x00000000       0x78 Drivers\STM32F3xx_HAL_Driver\Src\stm32f3xx_hal_uart.o
 .text.HAL_UART_Receive_DMA
                0x00000000       0x88 Drivers\STM32F3xx_HAL_Driver\Src\stm32f3xx_hal_uart.o
 .text.HAL_UART_DMAPause
                0x00000000       0x5c Drivers\STM32F3xx_HAL_Driver\Src\stm32f3xx_hal_uart.o
 .text.HAL_UART_DMAResume
                0x00000000       0x54 Drivers\STM32F3xx_HAL_Driver\Src\stm32f3xx_hal_uart.o
 .text.HAL_UART_DMAStop
                0x00000000       0x5e Drivers\STM32F3xx_HAL_Driver\Src\stm32f3xx_hal_uart.o
 .text.HAL_UART_Abort
                0x00000000       0x6a Drivers\STM32F3xx_HAL_Driver\Src\stm32f3xx_hal_uart.o
 .text.HAL_UART_AbortTransmit
                0x00000000       0x36 Drivers\STM32F3xx_HAL_Driver\Src\stm32f3xx_hal_uart.o
 .text.HAL_UART_AbortReceive
                0x00000000       0x44 Drivers\STM32F3xx_HAL_Driver\Src\stm32f3xx_hal_uart.o
 .text.HAL_UART_TxCpltCallback
                0x00000000        0x2 Drivers\STM32F3xx_HAL_Driver\Src\stm32f3xx_hal_uart.o
 .text.UART_DMATransmitCplt
                0x00000000       0x2e Drivers\STM32F3xx_HAL_Driver\Src\stm32f3xx_hal_uart.o
 .text.HAL_UART_TxHalfCpltCallback
                0x00000000        0x2 Drivers\STM32F3xx_HAL_Driver\Src\stm32f3xx_hal_uart.o
 .text.UART_DMATxHalfCplt
                0x00000000        0xa Drivers\STM32F3xx_HAL_Driver\Src\stm32f3xx_hal_uart.o
 .text.HAL_UART_RxCpltCallback
                0x00000000        0x2 Drivers\STM32F3xx_HAL_Driver\Src\stm32f3xx_hal_uart.o
 .text.UART_DMAReceiveCplt
                0x00000000       0x3a Drivers\STM32F3xx_HAL_Driver\Src\stm32f3xx_hal_uart.o
 .text.HAL_UART_RxHalfCpltCallback
                0x00000000        0x2 Drivers\STM32F3xx_HAL_Driver\Src\stm32f3xx_hal_uart.o
 .text.UART_DMARxHalfCplt
                0x00000000        0xa Drivers\STM32F3xx_HAL_Driver\Src\stm32f3xx_hal_uart.o
 .text.HAL_UART_ErrorCallback
                0x00000000        0x2 Drivers\STM32F3xx_HAL_Driver\Src\stm32f3xx_hal_uart.o
 .text.UART_DMAError
                0x00000000       0x54 Drivers\STM32F3xx_HAL_Driver\Src\stm32f3xx_hal_uart.o
 .text.UART_DMAAbortOnError
                0x00000000       0x14 Drivers\STM32F3xx_HAL_Driver\Src\stm32f3xx_hal_uart.o
 .text.HAL_UART_AbortCpltCallback
                0x00000000        0x2 Drivers\STM32F3xx_HAL_Driver\Src\stm32f3xx_hal_uart.o
 .text.HAL_UART_Abort_IT
                0x00000000       0xb0 Drivers\STM32F3xx_HAL_Driver\Src\stm32f3xx_hal_uart.o
 .text.UART_DMARxAbortCallback
                0x00000000       0x32 Drivers\STM32F3xx_HAL_Driver\Src\stm32f3xx_hal_uart.o
 .text.UART_DMATxAbortCallback
                0x00000000       0x32 Drivers\STM32F3xx_HAL_Driver\Src\stm32f3xx_hal_uart.o
 .text.HAL_UART_AbortTransmitCpltCallback
                0x00000000        0x2 Drivers\STM32F3xx_HAL_Driver\Src\stm32f3xx_hal_uart.o
 .text.HAL_UART_AbortTransmit_IT
                0x00000000       0x54 Drivers\STM32F3xx_HAL_Driver\Src\stm32f3xx_hal_uart.o
 .text.UART_DMATxOnlyAbortCallback
                0x00000000       0x16 Drivers\STM32F3xx_HAL_Driver\Src\stm32f3xx_hal_uart.o
 .text.HAL_UART_AbortReceiveCpltCallback
                0x00000000        0x2 Drivers\STM32F3xx_HAL_Driver\Src\stm32f3xx_hal_uart.o
 .text.HAL_UART_AbortReceive_IT
                0x00000000       0x58 Drivers\STM32F3xx_HAL_Driver\Src\stm32f3xx_hal_uart.o
 .text.UART_DMARxOnlyAbortCallback
                0x00000000       0x1c Drivers\STM32F3xx_HAL_Driver\Src\stm32f3xx_hal_uart.o
 .text.HAL_MultiProcessor_EnterMuteMode
                0x00000000        0xc Drivers\STM32F3xx_HAL_Driver\Src\stm32f3xx_hal_uart.o
 .text.HAL_HalfDuplex_EnableTransmitter
                0x00000000       0x34 Drivers\STM32F3xx_HAL_Driver\Src\stm32f3xx_hal_uart.o
 .text.HAL_HalfDuplex_EnableReceiver
                0x00000000       0x34 Drivers\STM32F3xx_HAL_Driver\Src\stm32f3xx_hal_uart.o
 .text.HAL_LIN_SendBreak
                0x00000000       0x2c Drivers\STM32F3xx_HAL_Driver\Src\stm32f3xx_hal_uart.o
 .text.HAL_UART_GetState
                0x00000000        0xc Drivers\STM32F3xx_HAL_Driver\Src\stm32f3xx_hal_uart.o
 .text.HAL_UART_GetError
                0x00000000        0x4 Drivers\STM32F3xx_HAL_Driver\Src\stm32f3xx_hal_uart.o
 .text.HAL_UART_Receive
                0x00000000       0xde Drivers\STM32F3xx_HAL_Driver\Src\stm32f3xx_hal_uart.o
 .text.HAL_HalfDuplex_Init
                0x00000000       0x6c Drivers\STM32F3xx_HAL_Driver\Src\stm32f3xx_hal_uart.o
 .text.HAL_LIN_Init
                0x00000000       0x88 Drivers\STM32F3xx_HAL_Driver\Src\stm32f3xx_hal_uart.o
 .text.HAL_MultiProcessor_Init
                0x00000000       0x86 Drivers\STM32F3xx_HAL_Driver\Src\stm32f3xx_hal_uart.o
 .text.HAL_MultiProcessor_EnableMuteMode
                0x00000000       0x2c Drivers\STM32F3xx_HAL_Driver\Src\stm32f3xx_hal_uart.o
 .text.HAL_MultiProcessor_DisableMuteMode
                0x00000000       0x2c Drivers\STM32F3xx_HAL_Driver\Src\stm32f3xx_hal_uart.o
 .text.UART_Transmit_IT
                0x00000000       0x5c Drivers\STM32F3xx_HAL_Driver\Src\stm32f3xx_hal_uart.o
 .text.UART_EndTransmit_IT
                0x00000000       0x1a Drivers\STM32F3xx_HAL_Driver\Src\stm32f3xx_hal_uart.o
 .text.UART_Receive_IT
                0x00000000       0x6c Drivers\STM32F3xx_HAL_Driver\Src\stm32f3xx_hal_uart.o
 .text.HAL_UART_IRQHandler
                0x00000000      0x12c Drivers\STM32F3xx_HAL_Driver\Src\stm32f3xx_hal_uart.o
 .text.UART_Wakeup_AddressConfig
                0x00000000       0x2c Drivers\STM32F3xx_HAL_Driver\Src\stm32f3xx_hal_uart.o
 .text          0x00000000        0x0 Drivers\STM32F3xx_HAL_Driver\Src\stm32f3xx_hal_uart_ex.o
 .data          0x00000000        0x0 Drivers\STM32F3xx_HAL_Driver\Src\stm32f3xx_hal_uart_ex.o
 .bss           0x00000000        0x0 Drivers\STM32F3xx_HAL_Driver\Src\stm32f3xx_hal_uart_ex.o
 .text.HAL_RS485Ex_Init
                0x00000000       0x82 Drivers\STM32F3xx_HAL_Driver\Src\stm32f3xx_hal_uart_ex.o
 .text.HAL_UARTEx_WakeupCallback
                0x00000000        0x2 Drivers\STM32F3xx_HAL_Driver\Src\stm32f3xx_hal_uart_ex.o
 .text.HAL_UARTEx_StopModeWakeUpSourceConfig
                0x00000000       0x7a Drivers\STM32F3xx_HAL_Driver\Src\stm32f3xx_hal_uart_ex.o
 .text.HAL_UARTEx_EnableStopMode
                0x00000000       0x2c Drivers\STM32F3xx_HAL_Driver\Src\stm32f3xx_hal_uart_ex.o
 .text.HAL_UARTEx_DisableStopMode
                0x00000000       0x2c Drivers\STM32F3xx_HAL_Driver\Src\stm32f3xx_hal_uart_ex.o
 .text.HAL_MultiProcessorEx_AddressLength_Set
                0x00000000       0x2c Drivers\STM32F3xx_HAL_Driver\Src\stm32f3xx_hal_uart_ex.o
 .debug_info    0x00000000     0x113a Drivers\STM32F3xx_HAL_Driver\Src\stm32f3xx_hal_uart_ex.o
 .debug_abbrev  0x00000000      0x279 Drivers\STM32F3xx_HAL_Driver\Src\stm32f3xx_hal_uart_ex.o
 .debug_loc     0x00000000      0x2fd Drivers\STM32F3xx_HAL_Driver\Src\stm32f3xx_hal_uart_ex.o
 .debug_aranges
                0x00000000       0x48 Drivers\STM32F3xx_HAL_Driver\Src\stm32f3xx_hal_uart_ex.o
 .debug_ranges  0x00000000       0x38 Drivers\STM32F3xx_HAL_Driver\Src\stm32f3xx_hal_uart_ex.o
 .debug_line    0x00000000      0x3ef Drivers\STM32F3xx_HAL_Driver\Src\stm32f3xx_hal_uart_ex.o
 .debug_str     0x00000000      0xce2 Drivers\STM32F3xx_HAL_Driver\Src\stm32f3xx_hal_uart_ex.o
 .comment       0x00000000       0x7d Drivers\STM32F3xx_HAL_Driver\Src\stm32f3xx_hal_uart_ex.o
 .debug_frame   0x00000000       0xa0 Drivers\STM32F3xx_HAL_Driver\Src\stm32f3xx_hal_uart_ex.o
 .ARM.attributes
                0x00000000       0x39 Drivers\STM32F3xx_HAL_Driver\Src\stm32f3xx_hal_uart_ex.o
 .text          0x00000000        0x0 Src\main.o
 .data          0x00000000        0x0 Src\main.o
 .bss           0x00000000        0x0 Src\main.o
 .text._Error_Handler
                0x00000000        0x2 Src\main.o
 .text          0x00000000        0x0 Src\stm32f3xx_hal_msp.o
 .data          0x00000000        0x0 Src\stm32f3xx_hal_msp.o
 .bss           0x00000000        0x0 Src\stm32f3xx_hal_msp.o
 .text.HAL_UART_MspDeInit
                0x00000000       0x44 Src\stm32f3xx_hal_msp.o
 .text          0x00000000        0x0 Src\stm32f3xx_it.o
 .data          0x00000000        0x0 Src\stm32f3xx_it.o
 .bss           0x00000000        0x0 Src\stm32f3xx_it.o
 .text          0x00000000        0x0 Src\system_stm32f3xx.o
 .data          0x00000000        0x0 Src\system_stm32f3xx.o
 .bss           0x00000000        0x0 Src\system_stm32f3xx.o
 .text.SystemCoreClockUpdate
                0x00000000       0x54 Src\system_stm32f3xx.o
 .text          0x00000000       0x14 startup\startup_stm32f303xe.o
 .data          0x00000000        0x0 startup\startup_stm32f303xe.o
 .bss           0x00000000        0x0 startup\startup_stm32f303xe.o
 .text          0x00000000        0x0 c:/program files (x86)/atollic/truestudio for stm32 9.0.0/armtools/bin/../lib/gcc/arm-atollic-eabi/6.3.1/../../../../arm-atollic-eabi/lib/armv7e-m/fpu\libc_nano.a(lib_a-init.o)
 .data          0x00000000        0x0 c:/program files (x86)/atollic/truestudio for stm32 9.0.0/armtools/bin/../lib/gcc/arm-atollic-eabi/6.3.1/../../../../arm-atollic-eabi/lib/armv7e-m/fpu\libc_nano.a(lib_a-init.o)
 .bss           0x00000000        0x0 c:/program files (x86)/atollic/truestudio for stm32 9.0.0/armtools/bin/../lib/gcc/arm-atollic-eabi/6.3.1/../../../../arm-atollic-eabi/lib/armv7e-m/fpu\libc_nano.a(lib_a-init.o)
 .text          0x00000000       0x18 c:/program files (x86)/atollic/truestudio for stm32 9.0.0/armtools/bin/../lib/gcc/arm-atollic-eabi/6.3.1/armv7e-m/fpu\libgcc.a(_lshrdi3.o)
 .data          0x00000000        0x0 c:/program files (x86)/atollic/truestudio for stm32 9.0.0/armtools/bin/../lib/gcc/arm-atollic-eabi/6.3.1/armv7e-m/fpu\libgcc.a(_lshrdi3.o)
 .bss           0x00000000        0x0 c:/program files (x86)/atollic/truestudio for stm32 9.0.0/armtools/bin/../lib/gcc/arm-atollic-eabi/6.3.1/armv7e-m/fpu\libgcc.a(_lshrdi3.o)
 .ARM.attributes
                0x00000000       0x22 c:/program files (x86)/atollic/truestudio for stm32 9.0.0/armtools/bin/../lib/gcc/arm-atollic-eabi/6.3.1/armv7e-m/fpu\libgcc.a(_lshrdi3.o)
 .text          0x00000000        0x0 c:/program files (x86)/atollic/truestudio for stm32 9.0.0/armtools/bin/../lib/gcc/arm-atollic-eabi/6.3.1/armv7e-m/fpu/crtend.o
 .data          0x00000000        0x0 c:/program files (x86)/atollic/truestudio for stm32 9.0.0/armtools/bin/../lib/gcc/arm-atollic-eabi/6.3.1/armv7e-m/fpu/crtend.o
 .bss           0x00000000        0x0 c:/program files (x86)/atollic/truestudio for stm32 9.0.0/armtools/bin/../lib/gcc/arm-atollic-eabi/6.3.1/armv7e-m/fpu/crtend.o
 .eh_frame      0x00000000        0x4 c:/program files (x86)/atollic/truestudio for stm32 9.0.0/armtools/bin/../lib/gcc/arm-atollic-eabi/6.3.1/armv7e-m/fpu/crtend.o
 .ARM.attributes
                0x00000000       0x34 c:/program files (x86)/atollic/truestudio for stm32 9.0.0/armtools/bin/../lib/gcc/arm-atollic-eabi/6.3.1/armv7e-m/fpu/crtend.o
 .text          0x00000000        0x0 c:/program files (x86)/atollic/truestudio for stm32 9.0.0/armtools/bin/../lib/gcc/arm-atollic-eabi/6.3.1/armv7e-m/fpu/crtn.o
 .data          0x00000000        0x0 c:/program files (x86)/atollic/truestudio for stm32 9.0.0/armtools/bin/../lib/gcc/arm-atollic-eabi/6.3.1/armv7e-m/fpu/crtn.o
 .bss           0x00000000        0x0 c:/program files (x86)/atollic/truestudio for stm32 9.0.0/armtools/bin/../lib/gcc/arm-atollic-eabi/6.3.1/armv7e-m/fpu/crtn.o

Memory Configuration

Name             Origin             Length             Attributes
RAM              0x20000000         0x00010000         xrw
CCMRAM           0x10000000         0x00004000         rw
FLASH            0x08000000         0x00080000         xr
*default*        0x00000000         0xffffffff

Linker script and memory map

LOAD c:/program files (x86)/atollic/truestudio for stm32 9.0.0/armtools/bin/../lib/gcc/arm-atollic-eabi/6.3.1/armv7e-m/fpu/crti.o
LOAD c:/program files (x86)/atollic/truestudio for stm32 9.0.0/armtools/bin/../lib/gcc/arm-atollic-eabi/6.3.1/armv7e-m/fpu/crtbegin.o
LOAD Drivers\STM32F3xx_HAL_Driver\Src\stm32f3xx_hal.o
LOAD Drivers\STM32F3xx_HAL_Driver\Src\stm32f3xx_hal_cortex.o
LOAD Drivers\STM32F3xx_HAL_Driver\Src\stm32f3xx_hal_dma.o
LOAD Drivers\STM32F3xx_HAL_Driver\Src\stm32f3xx_hal_flash.o
LOAD Drivers\STM32F3xx_HAL_Driver\Src\stm32f3xx_hal_flash_ex.o
LOAD Drivers\STM32F3xx_HAL_Driver\Src\stm32f3xx_hal_gpio.o
LOAD Drivers\STM32F3xx_HAL_Driver\Src\stm32f3xx_hal_i2c.o
LOAD Drivers\STM32F3xx_HAL_Driver\Src\stm32f3xx_hal_i2c_ex.o
LOAD Drivers\STM32F3xx_HAL_Driver\Src\stm32f3xx_hal_pwr.o
LOAD Drivers\STM32F3xx_HAL_Driver\Src\stm32f3xx_hal_pwr_ex.o
LOAD Drivers\STM32F3xx_HAL_Driver\Src\stm32f3xx_hal_rcc.o
LOAD Drivers\STM32F3xx_HAL_Driver\Src\stm32f3xx_hal_rcc_ex.o
LOAD Drivers\STM32F3xx_HAL_Driver\Src\stm32f3xx_hal_tim.o
LOAD Drivers\STM32F3xx_HAL_Driver\Src\stm32f3xx_hal_tim_ex.o
LOAD Drivers\STM32F3xx_HAL_Driver\Src\stm32f3xx_hal_uart.o
LOAD Drivers\STM32F3xx_HAL_Driver\Src\stm32f3xx_hal_uart_ex.o
LOAD Src\main.o
LOAD Src\stm32f3xx_hal_msp.o
LOAD Src\stm32f3xx_it.o
LOAD Src\system_stm32f3xx.o
LOAD startup\startup_stm32f303xe.o
                0x00000080                malloc_getpagesize_P = 0x80
START GROUP
LOAD c:/program files (x86)/atollic/truestudio for stm32 9.0.0/armtools/bin/../lib/gcc/arm-atollic-eabi/6.3.1/../../../../arm-atollic-eabi/lib/armv7e-m/fpu\libc_nano.a
LOAD c:/program files (x86)/atollic/truestudio for stm32 9.0.0/armtools/bin/../lib/gcc/arm-atollic-eabi/6.3.1/../../../../arm-atollic-eabi/lib/armv7e-m/fpu\libm.a
END GROUP
START GROUP
LOAD c:/program files (x86)/atollic/truestudio for stm32 9.0.0/armtools/bin/../lib/gcc/arm-atollic-eabi/6.3.1/armv7e-m/fpu\libgcc.a
LOAD c:/program files (x86)/atollic/truestudio for stm32 9.0.0/armtools/bin/../lib/gcc/arm-atollic-eabi/6.3.1/../../../../arm-atollic-eabi/lib/armv7e-m/fpu\libc_nano.a
END GROUP
START GROUP
LOAD c:/program files (x86)/atollic/truestudio for stm32 9.0.0/armtools/bin/../lib/gcc/arm-atollic-eabi/6.3.1/armv7e-m/fpu\libgcc.a
LOAD c:/program files (x86)/atollic/truestudio for stm32 9.0.0/armtools/bin/../lib/gcc/arm-atollic-eabi/6.3.1/../../../../arm-atollic-eabi/lib/armv7e-m/fpu\libc_nano.a
LOAD c:/program files (x86)/atollic/truestudio for stm32 9.0.0/armtools/bin/../lib/gcc/arm-atollic-eabi/6.3.1/../../../../arm-atollic-eabi/lib/armv7e-m/fpu\libnosys.a
END GROUP
START GROUP
LOAD c:/program files (x86)/atollic/truestudio for stm32 9.0.0/armtools/bin/../lib/gcc/arm-atollic-eabi/6.3.1/armv7e-m/fpu\libgcc.a
LOAD c:/program files (x86)/atollic/truestudio for stm32 9.0.0/armtools/bin/../lib/gcc/arm-atollic-eabi/6.3.1/../../../../arm-atollic-eabi/lib/armv7e-m/fpu\libc_nano.a
LOAD c:/program files (x86)/atollic/truestudio for stm32 9.0.0/armtools/bin/../lib/gcc/arm-atollic-eabi/6.3.1/../../../../arm-atollic-eabi/lib/armv7e-m/fpu\libnosys.a
END GROUP
LOAD c:/program files (x86)/atollic/truestudio for stm32 9.0.0/armtools/bin/../lib/gcc/arm-atollic-eabi/6.3.1/armv7e-m/fpu/crtend.o
LOAD c:/program files (x86)/atollic/truestudio for stm32 9.0.0/armtools/bin/../lib/gcc/arm-atollic-eabi/6.3.1/armv7e-m/fpu/crtn.o
                0x20010000                _estack = 0x20010000
                0x00000200                _Min_Heap_Size = 0x200
                0x00000400                _Min_Stack_Size = 0x400

.isr_vector     0x08000000      0x194
                0x08000000                . = ALIGN (0x4)
 *(.isr_vector)
 .isr_vector    0x08000000      0x194 startup\startup_stm32f303xe.o
                0x08000000                g_pfnVectors
                0x08000194                . = ALIGN (0x4)

.text           0x08000194     0x15d8
                0x08000194                . = ALIGN (0x4)
 *(.text)
 .text          0x08000194       0x40 c:/program files (x86)/atollic/truestudio for stm32 9.0.0/armtools/bin/../lib/gcc/arm-atollic-eabi/6.3.1/armv7e-m/fpu/crtbegin.o
 *(.text*)
 .text.HAL_InitTick
                0x080001d4       0x28 Drivers\STM32F3xx_HAL_Driver\Src\stm32f3xx_hal.o
                0x080001d4                HAL_InitTick
 .text.HAL_Init
                0x080001fc       0x24 Drivers\STM32F3xx_HAL_Driver\Src\stm32f3xx_hal.o
                0x080001fc                HAL_Init
 .text.HAL_IncTick
                0x08000220       0x10 Drivers\STM32F3xx_HAL_Driver\Src\stm32f3xx_hal.o
                0x08000220                HAL_IncTick
 .text.HAL_GetTick
                0x08000230        0xc Drivers\STM32F3xx_HAL_Driver\Src\stm32f3xx_hal.o
                0x08000230                HAL_GetTick
 .text.HAL_Delay
                0x0800023c       0x20 Drivers\STM32F3xx_HAL_Driver\Src\stm32f3xx_hal.o
                0x0800023c                HAL_Delay
 .text.HAL_NVIC_SetPriorityGrouping
                0x0800025c       0x24 Drivers\STM32F3xx_HAL_Driver\Src\stm32f3xx_hal_cortex.o
                0x0800025c                HAL_NVIC_SetPriorityGrouping
 .text.HAL_NVIC_SetPriority
                0x08000280       0x68 Drivers\STM32F3xx_HAL_Driver\Src\stm32f3xx_hal_cortex.o
                0x08000280                HAL_NVIC_SetPriority
 .text.HAL_SYSTICK_Config
                0x080002e8       0x2c Drivers\STM32F3xx_HAL_Driver\Src\stm32f3xx_hal_cortex.o
                0x080002e8                HAL_SYSTICK_Config
 .text.HAL_SYSTICK_CLKSourceConfig
                0x08000314       0x18 Drivers\STM32F3xx_HAL_Driver\Src\stm32f3xx_hal_cortex.o
                0x08000314                HAL_SYSTICK_CLKSourceConfig
 .text.HAL_SYSTICK_Callback
                0x0800032c        0x2 Drivers\STM32F3xx_HAL_Driver\Src\stm32f3xx_hal_cortex.o
                0x0800032c                HAL_SYSTICK_Callback
 .text.HAL_SYSTICK_IRQHandler
                0x0800032e        0x8 Drivers\STM32F3xx_HAL_Driver\Src\stm32f3xx_hal_cortex.o
                0x0800032e                HAL_SYSTICK_IRQHandler
 *fill*         0x08000336        0x2 
 .text.HAL_GPIO_Init
                0x08000338      0x1a0 Drivers\STM32F3xx_HAL_Driver\Src\stm32f3xx_hal_gpio.o
                0x08000338                HAL_GPIO_Init
 .text.HAL_GPIO_WritePin
                0x080004d8        0xa Drivers\STM32F3xx_HAL_Driver\Src\stm32f3xx_hal_gpio.o
                0x080004d8                HAL_GPIO_WritePin
 *fill*         0x080004e2        0x2 
 .text.HAL_RCC_OscConfig
                0x080004e4      0x4fc Drivers\STM32F3xx_HAL_Driver\Src\stm32f3xx_hal_rcc.o
                0x080004e4                HAL_RCC_OscConfig
 .text.HAL_RCC_GetSysClockFreq
                0x080009e0       0x58 Drivers\STM32F3xx_HAL_Driver\Src\stm32f3xx_hal_rcc.o
                0x080009e0                HAL_RCC_GetSysClockFreq
 .text.HAL_RCC_ClockConfig
                0x08000a38      0x184 Drivers\STM32F3xx_HAL_Driver\Src\stm32f3xx_hal_rcc.o
                0x08000a38                HAL_RCC_ClockConfig
 .text.HAL_RCC_GetHCLKFreq
                0x08000bbc        0xc Drivers\STM32F3xx_HAL_Driver\Src\stm32f3xx_hal_rcc.o
                0x08000bbc                HAL_RCC_GetHCLKFreq
 .text.HAL_RCC_GetPCLK1Freq
                0x08000bc8       0x30 Drivers\STM32F3xx_HAL_Driver\Src\stm32f3xx_hal_rcc.o
                0x08000bc8                HAL_RCC_GetPCLK1Freq
 .text.HAL_RCC_GetPCLK2Freq
                0x08000bf8       0x30 Drivers\STM32F3xx_HAL_Driver\Src\stm32f3xx_hal_rcc.o
                0x08000bf8                HAL_RCC_GetPCLK2Freq
 .text.HAL_RCCEx_PeriphCLKConfig
                0x08000c28      0x288 Drivers\STM32F3xx_HAL_Driver\Src\stm32f3xx_hal_rcc_ex.o
                0x08000c28                HAL_RCCEx_PeriphCLKConfig
 .text.UART_SetConfig
                0x08000eb0      0x210 Drivers\STM32F3xx_HAL_Driver\Src\stm32f3xx_hal_uart.o
                0x08000eb0                UART_SetConfig
 .text.UART_AdvFeatureConfig
                0x080010c0       0xa8 Drivers\STM32F3xx_HAL_Driver\Src\stm32f3xx_hal_uart.o
                0x080010c0                UART_AdvFeatureConfig
 .text.UART_WaitOnFlagUntilTimeout
                0x08001168       0x62 Drivers\STM32F3xx_HAL_Driver\Src\stm32f3xx_hal_uart.o
                0x08001168                UART_WaitOnFlagUntilTimeout
 .text.HAL_UART_Transmit
                0x080011ca       0xb2 Drivers\STM32F3xx_HAL_Driver\Src\stm32f3xx_hal_uart.o
                0x080011ca                HAL_UART_Transmit
 .text.UART_CheckIdleState
                0x0800127c       0x64 Drivers\STM32F3xx_HAL_Driver\Src\stm32f3xx_hal_uart.o
                0x0800127c                UART_CheckIdleState
 .text.HAL_UART_Init
                0x080012e0       0x64 Drivers\STM32F3xx_HAL_Driver\Src\stm32f3xx_hal_uart.o
                0x080012e0                HAL_UART_Init
 .text.SystemClock_Config
                0x08001344       0x82 Src\main.o
                0x08001344                SystemClock_Config
 *fill*         0x080013c6        0x2 
 .text.startup.main
                0x080013c8      0x160 Src\main.o
                0x080013c8                main
 .text.HAL_MspInit
                0x08001528       0x7c Src\stm32f3xx_hal_msp.o
                0x08001528                HAL_MspInit
 .text.HAL_UART_MspInit
                0x080015a4       0x9c Src\stm32f3xx_hal_msp.o
                0x080015a4                HAL_UART_MspInit
 .text.SysTick_Handler
                0x08001640        0xe Src\stm32f3xx_it.o
                0x08001640                SysTick_Handler
 *fill*         0x0800164e        0x2 
 .text.SystemInit
                0x08001650       0x68 Src\system_stm32f3xx.o
                0x08001650                SystemInit
 .text.Reset_Handler
                0x080016b8       0x50 startup\startup_stm32f303xe.o
                0x080016b8                Reset_Handler
 .text.Default_Handler
                0x08001708        0x2 startup\startup_stm32f303xe.o
                0x08001708                RTC_Alarm_IRQHandler
                0x08001708                TIM8_TRG_COM_IRQHandler
                0x08001708                TIM8_CC_IRQHandler
                0x08001708                DebugMon_Handler
                0x08001708                SPI4_IRQHandler
                0x08001708                TIM1_CC_IRQHandler
                0x08001708                HardFault_Handler
                0x08001708                USB_HP_IRQHandler
                0x08001708                PVD_IRQHandler
                0x08001708                TAMP_STAMP_IRQHandler
                0x08001708                PendSV_Handler
                0x08001708                NMI_Handler
                0x08001708                EXTI3_IRQHandler
                0x08001708                I2C3_ER_IRQHandler
                0x08001708                USB_HP_CAN_TX_IRQHandler
                0x08001708                EXTI0_IRQHandler
                0x08001708                I2C2_EV_IRQHandler
                0x08001708                FPU_IRQHandler
                0x08001708                TIM1_UP_TIM16_IRQHandler
                0x08001708                UsageFault_Handler
                0x08001708                ADC1_2_IRQHandler
                0x08001708                SPI1_IRQHandler
                0x08001708                CAN_SCE_IRQHandler
                0x08001708                TIM6_DAC_IRQHandler
                0x08001708                TIM8_UP_IRQHandler
                0x08001708                DMA2_Channel2_IRQHandler
                0x08001708                DMA1_Channel4_IRQHandler
                0x08001708                TIM20_TRG_COM_IRQHandler
                0x08001708                USART3_IRQHandler
                0x08001708                DMA1_Channel7_IRQHandler
                0x08001708                UART5_IRQHandler
                0x08001708                ADC3_IRQHandler
                0x08001708                TIM4_IRQHandler
                0x08001708                CAN_RX1_IRQHandler
                0x08001708                DMA2_Channel1_IRQHandler
                0x08001708                I2C1_EV_IRQHandler
                0x08001708                DMA1_Channel6_IRQHandler
                0x08001708                UART4_IRQHandler
                0x08001708                DMA2_Channel4_IRQHandler
                0x08001708                TIM3_IRQHandler
                0x08001708                RCC_IRQHandler
                0x08001708                TIM20_UP_IRQHandler
                0x08001708                DMA1_Channel1_IRQHandler
                0x08001708                Default_Handler
                0x08001708                USBWakeUp_RMP_IRQHandler
                0x08001708                EXTI15_10_IRQHandler
                0x08001708                TIM7_IRQHandler
                0x08001708                I2C3_EV_IRQHandler
                0x08001708                EXTI9_5_IRQHandler
                0x08001708                RTC_WKUP_IRQHandler
                0x08001708                SPI2_IRQHandler
                0x08001708                USB_LP_CAN_RX0_IRQHandler
                0x08001708                MemManage_Handler
                0x08001708                SVC_Handler
                0x08001708                DMA2_Channel5_IRQHandler
                0x08001708                DMA1_Channel5_IRQHandler
                0x08001708                USB_LP_IRQHandler
                0x08001708                EXTI4_IRQHandler
                0x08001708                TIM1_TRG_COM_TIM17_IRQHandler
                0x08001708                DMA1_Channel3_IRQHandler
                0x08001708                ADC4_IRQHandler
                0x08001708                WWDG_IRQHandler
                0x08001708                TIM2_IRQHandler
                0x08001708                COMP7_IRQHandler
                0x08001708                COMP1_2_3_IRQHandler
                0x08001708                EXTI1_IRQHandler
                0x08001708                USART2_IRQHandler
                0x08001708                COMP4_5_6_IRQHandler
                0x08001708                TIM20_BRK_IRQHandler
                0x08001708                I2C2_ER_IRQHandler
                0x08001708                DMA1_Channel2_IRQHandler
                0x08001708                TIM8_BRK_IRQHandler
                0x08001708                FLASH_IRQHandler
                0x08001708                TIM20_CC_IRQHandler
                0x08001708                BusFault_Handler
                0x08001708                USART1_IRQHandler
                0x08001708                SPI3_IRQHandler
                0x08001708                I2C1_ER_IRQHandler
                0x08001708                FMC_IRQHandler
                0x08001708                USBWakeUp_IRQHandler
                0x08001708                DMA2_Channel3_IRQHandler
                0x08001708                EXTI2_TSC_IRQHandler
                0x08001708                TIM1_BRK_TIM15_IRQHandler
 *fill*         0x0800170a        0x2 
 .text.__libc_init_array
                0x0800170c       0x48 c:/program files (x86)/atollic/truestudio for stm32 9.0.0/armtools/bin/../lib/gcc/arm-atollic-eabi/6.3.1/../../../../arm-atollic-eabi/lib/armv7e-m/fpu\libc_nano.a(lib_a-init.o)
                0x0800170c                __libc_init_array
 *(.glue_7)
 .glue_7        0x08001754        0x0 linker stubs
 *(.glue_7t)
 .glue_7t       0x08001754        0x0 linker stubs
 *(.eh_frame)
 .eh_frame      0x08001754        0x0 c:/program files (x86)/atollic/truestudio for stm32 9.0.0/armtools/bin/../lib/gcc/arm-atollic-eabi/6.3.1/armv7e-m/fpu/crtbegin.o
 *(.init)
 .init          0x08001754        0x4 c:/program files (x86)/atollic/truestudio for stm32 9.0.0/armtools/bin/../lib/gcc/arm-atollic-eabi/6.3.1/armv7e-m/fpu/crti.o
                0x08001754                _init
 .init          0x08001758        0x8 c:/program files (x86)/atollic/truestudio for stm32 9.0.0/armtools/bin/../lib/gcc/arm-atollic-eabi/6.3.1/armv7e-m/fpu/crtn.o
 *(.fini)
 .fini          0x08001760        0x4 c:/program files (x86)/atollic/truestudio for stm32 9.0.0/armtools/bin/../lib/gcc/arm-atollic-eabi/6.3.1/armv7e-m/fpu/crti.o
                0x08001760                _fini
 .fini          0x08001764        0x8 c:/program files (x86)/atollic/truestudio for stm32 9.0.0/armtools/bin/../lib/gcc/arm-atollic-eabi/6.3.1/armv7e-m/fpu/crtn.o
                0x0800176c                . = ALIGN (0x4)
                0x0800176c                _etext = .

.vfp11_veneer   0x0800176c        0x0
 .vfp11_veneer  0x0800176c        0x0 linker stubs

.v4_bx          0x0800176c        0x0
 .v4_bx         0x0800176c        0x0 linker stubs

.iplt           0x0800176c        0x0
 .iplt          0x0800176c        0x0 c:/program files (x86)/atollic/truestudio for stm32 9.0.0/armtools/bin/../lib/gcc/arm-atollic-eabi/6.3.1/armv7e-m/fpu/crtbegin.o

.rodata         0x0800176c       0x3c
                0x0800176c                . = ALIGN (0x4)
 *(.rodata)
 *(.rodata*)
 .rodata.aPLLMULFactorTable
                0x0800176c       0x10 Drivers\STM32F3xx_HAL_Driver\Src\stm32f3xx_hal_rcc.o
                0x0800176c                aPLLMULFactorTable
 .rodata.aPredivFactorTable
                0x0800177c       0x10 Drivers\STM32F3xx_HAL_Driver\Src\stm32f3xx_hal_rcc.o
                0x0800177c                aPredivFactorTable
 .rodata.CSWTCH.45
                0x0800178c        0x4 Drivers\STM32F3xx_HAL_Driver\Src\stm32f3xx_hal_uart.o
 .rodata.AHBPrescTable
                0x08001790       0x10 Src\system_stm32f3xx.o
                0x08001790                AHBPrescTable
 .rodata.APBPrescTable
                0x080017a0        0x8 Src\system_stm32f3xx.o
                0x080017a0                APBPrescTable
                0x080017a8                . = ALIGN (0x4)

.rel.dyn        0x080017a8        0x0
 .rel.iplt      0x080017a8        0x0 c:/program files (x86)/atollic/truestudio for stm32 9.0.0/armtools/bin/../lib/gcc/arm-atollic-eabi/6.3.1/armv7e-m/fpu/crtbegin.o

.ARM.extab
 *(.ARM.extab* .gnu.linkonce.armextab.*)

.ARM            0x080017a8        0x0
                0x080017a8                __exidx_start = .
 *(.ARM.exidx*)
                0x080017a8                __exidx_end = .

.preinit_array  0x080017a8        0x0
                0x080017a8                PROVIDE (__preinit_array_start, .)
 *(.preinit_array*)
                0x080017a8                PROVIDE (__preinit_array_end, .)

.init_array     0x080017a8        0x4
                0x080017a8                PROVIDE (__init_array_start, .)
 *(SORT(.init_array.*))
 *(.init_array*)
 .init_array    0x080017a8        0x4 c:/program files (x86)/atollic/truestudio for stm32 9.0.0/armtools/bin/../lib/gcc/arm-atollic-eabi/6.3.1/armv7e-m/fpu/crtbegin.o
                0x080017ac                PROVIDE (__init_array_end, .)

.fini_array     0x080017ac        0x4
                [!provide]                PROVIDE (__fini_array_start, .)
 *(SORT(.fini_array.*))
 *(.fini_array*)
 .fini_array    0x080017ac        0x4 c:/program files (x86)/atollic/truestudio for stm32 9.0.0/armtools/bin/../lib/gcc/arm-atollic-eabi/6.3.1/armv7e-m/fpu/crtbegin.o
                [!provide]                PROVIDE (__fini_array_end, .)
                0x080017b0                _sidata = LOADADDR (.data)

.data           0x20000000        0x4 load address 0x080017b0
                0x20000000                . = ALIGN (0x4)
                0x20000000                _sdata = .
 *(.data)
 *(.data*)
 .data.SystemCoreClock
                0x20000000        0x4 Src\system_stm32f3xx.o
                0x20000000                SystemCoreClock
                0x20000004                . = ALIGN (0x4)
                0x20000004                _edata = .
                0x080017b4                _siccmram = LOADADDR (.ccmram)

.igot.plt       0x20000004        0x0 load address 0x080017b4
 .igot.plt      0x20000004        0x0 c:/program files (x86)/atollic/truestudio for stm32 9.0.0/armtools/bin/../lib/gcc/arm-atollic-eabi/6.3.1/armv7e-m/fpu/crtbegin.o

.ccmram         0x10000000        0x0 load address 0x080017b4
                0x10000000                . = ALIGN (0x4)
                0x10000000                _sccmram = .
 *(.ccmram)
 *(.ccmram*)
                0x10000000                . = ALIGN (0x4)
                0x10000000                _eccmram = .
                0x10000000                . = ALIGN (0x4)

.bss            0x20000004      0x100
                0x20000004                _sbss = .
                0x20000004                __bss_start__ = _sbss
 *(.bss)
 .bss           0x20000004       0x1c c:/program files (x86)/atollic/truestudio for stm32 9.0.0/armtools/bin/../lib/gcc/arm-atollic-eabi/6.3.1/armv7e-m/fpu/crtbegin.o
 *(.bss*)
 *(COMMON)
 COMMON         0x20000020        0x4 Drivers\STM32F3xx_HAL_Driver\Src\stm32f3xx_hal.o
                0x20000020                uwTick
 COMMON         0x20000024       0xe0 Src\main.o
                0x20000024                huart1
                0x20000094                huart2
                0x20000104                . = ALIGN (0x4)
                0x20000104                _ebss = .
                0x20000104                __bss_end__ = _ebss

._user_heap_stack
                0x20000104      0x600
                0x20000104                . = ALIGN (0x4)
                [!provide]                PROVIDE (end, .)
                [!provide]                PROVIDE (_end, .)
                0x20000304                . = (. + _Min_Heap_Size)
 *fill*         0x20000104      0x200 
                0x20000704                . = (. + _Min_Stack_Size)
 *fill*         0x20000304      0x400 
                0x20000704                . = ALIGN (0x4)

/DISCARD/
 libc.a(*)
 libm.a(*)
 libgcc.a(*)

.ARM.attributes
                0x00000000       0x30
 *(.ARM.attributes)
 .ARM.attributes
                0x00000000       0x22 c:/program files (x86)/atollic/truestudio for stm32 9.0.0/armtools/bin/../lib/gcc/arm-atollic-eabi/6.3.1/armv7e-m/fpu/crti.o
 .ARM.attributes
                0x00000022       0x34 c:/program files (x86)/atollic/truestudio for stm32 9.0.0/armtools/bin/../lib/gcc/arm-atollic-eabi/6.3.1/armv7e-m/fpu/crtbegin.o
 .ARM.attributes
                0x00000056       0x39 Drivers\STM32F3xx_HAL_Driver\Src\stm32f3xx_hal.o
 .ARM.attributes
                0x0000008f       0x39 Drivers\STM32F3xx_HAL_Driver\Src\stm32f3xx_hal_cortex.o
 .ARM.attributes
                0x000000c8       0x39 Drivers\STM32F3xx_HAL_Driver\Src\stm32f3xx_hal_gpio.o
 .ARM.attributes
                0x00000101       0x39 Drivers\STM32F3xx_HAL_Driver\Src\stm32f3xx_hal_rcc.o
 .ARM.attributes
                0x0000013a       0x39 Drivers\STM32F3xx_HAL_Driver\Src\stm32f3xx_hal_rcc_ex.o
 .ARM.attributes
                0x00000173       0x39 Drivers\STM32F3xx_HAL_Driver\Src\stm32f3xx_hal_uart.o
 .ARM.attributes
                0x000001ac       0x39 Src\main.o
 .ARM.attributes
                0x000001e5       0x39 Src\stm32f3xx_hal_msp.o
 .ARM.attributes
                0x0000021e       0x39 Src\stm32f3xx_it.o
 .ARM.attributes
                0x00000257       0x39 Src\system_stm32f3xx.o
 .ARM.attributes
                0x00000290       0x21 startup\startup_stm32f303xe.o
 .ARM.attributes
                0x000002b1       0x34 c:/program files (x86)/atollic/truestudio for stm32 9.0.0/armtools/bin/../lib/gcc/arm-atollic-eabi/6.3.1/../../../../arm-atollic-eabi/lib/armv7e-m/fpu\libc_nano.a(lib_a-init.o)
 .ARM.attributes
                0x000002e5       0x22 c:/program files (x86)/atollic/truestudio for stm32 9.0.0/armtools/bin/../lib/gcc/arm-atollic-eabi/6.3.1/armv7e-m/fpu/crtn.o
OUTPUT(dynamixeleF3.elf elf32-littlearm)

.debug_info     0x00000000     0xc5bd
 .debug_info    0x00000000      0xfe0 Drivers\STM32F3xx_HAL_Driver\Src\stm32f3xx_hal.o
 .debug_info    0x00000fe0     0x16de Drivers\STM32F3xx_HAL_Driver\Src\stm32f3xx_hal_cortex.o
 .debug_info    0x000026be      0xf98 Drivers\STM32F3xx_HAL_Driver\Src\stm32f3xx_hal_gpio.o
 .debug_info    0x00003656     0x1afd Drivers\STM32F3xx_HAL_Driver\Src\stm32f3xx_hal_rcc.o
 .debug_info    0x00005153      0xf53 Drivers\STM32F3xx_HAL_Driver\Src\stm32f3xx_hal_rcc_ex.o
 .debug_info    0x000060a6     0x2221 Drivers\STM32F3xx_HAL_Driver\Src\stm32f3xx_hal_uart.o
 .debug_info    0x000082c7     0x18dd Src\main.o
 .debug_info    0x00009ba4     0x13fc Src\stm32f3xx_hal_msp.o
 .debug_info    0x0000afa0      0x96f Src\stm32f3xx_it.o
 .debug_info    0x0000b90f      0xc20 Src\system_stm32f3xx.o
 .debug_info    0x0000c52f       0x8e startup\startup_stm32f303xe.o

.debug_abbrev   0x00000000     0x1b2c
 .debug_abbrev  0x00000000      0x2b3 Drivers\STM32F3xx_HAL_Driver\Src\stm32f3xx_hal.o
 .debug_abbrev  0x000002b3      0x37d Drivers\STM32F3xx_HAL_Driver\Src\stm32f3xx_hal_cortex.o
 .debug_abbrev  0x00000630      0x268 Drivers\STM32F3xx_HAL_Driver\Src\stm32f3xx_hal_gpio.o
 .debug_abbrev  0x00000898      0x345 Drivers\STM32F3xx_HAL_Driver\Src\stm32f3xx_hal_rcc.o
 .debug_abbrev  0x00000bdd      0x329 Drivers\STM32F3xx_HAL_Driver\Src\stm32f3xx_hal_rcc_ex.o
 .debug_abbrev  0x00000f06      0x384 Drivers\STM32F3xx_HAL_Driver\Src\stm32f3xx_hal_uart.o
 .debug_abbrev  0x0000128a      0x2fa Src\main.o
 .debug_abbrev  0x00001584      0x228 Src\stm32f3xx_hal_msp.o
 .debug_abbrev  0x000017ac      0x1a4 Src\stm32f3xx_it.o
 .debug_abbrev  0x00001950      0x1ca Src\system_stm32f3xx.o
 .debug_abbrev  0x00001b1a       0x12 startup\startup_stm32f303xe.o

.debug_loc      0x00000000     0x2f44
 .debug_loc     0x00000000       0x69 Drivers\STM32F3xx_HAL_Driver\Src\stm32f3xx_hal.o
 .debug_loc     0x00000069      0x4fb Drivers\STM32F3xx_HAL_Driver\Src\stm32f3xx_hal_cortex.o
 .debug_loc     0x00000564      0x2b7 Drivers\STM32F3xx_HAL_Driver\Src\stm32f3xx_hal_gpio.o
 .debug_loc     0x0000081b      0x92c Drivers\STM32F3xx_HAL_Driver\Src\stm32f3xx_hal_rcc.o
 .debug_loc     0x00001147      0x858 Drivers\STM32F3xx_HAL_Driver\Src\stm32f3xx_hal_rcc_ex.o
 .debug_loc     0x0000199f     0x1431 Drivers\STM32F3xx_HAL_Driver\Src\stm32f3xx_hal_uart.o
 .debug_loc     0x00002dd0       0x7f Src\stm32f3xx_hal_msp.o
 .debug_loc     0x00002e4f       0xf5 Src\system_stm32f3xx.o

.debug_aranges  0x00000000      0x4f0
 .debug_aranges
                0x00000000       0xc0 Drivers\STM32F3xx_HAL_Driver\Src\stm32f3xx_hal.o
 .debug_aranges
                0x000000c0       0xa8 Drivers\STM32F3xx_HAL_Driver\Src\stm32f3xx_hal_cortex.o
 .debug_aranges
                0x00000168       0x58 Drivers\STM32F3xx_HAL_Driver\Src\stm32f3xx_hal_gpio.o
 .debug_aranges
                0x000001c0       0x88 Drivers\STM32F3xx_HAL_Driver\Src\stm32f3xx_hal_rcc.o
 .debug_aranges
                0x00000248       0x38 Drivers\STM32F3xx_HAL_Driver\Src\stm32f3xx_hal_rcc_ex.o
 .debug_aranges
                0x00000280      0x1a0 Drivers\STM32F3xx_HAL_Driver\Src\stm32f3xx_hal_uart.o
 .debug_aranges
                0x00000420       0x30 Src\main.o
 .debug_aranges
                0x00000450       0x30 Src\stm32f3xx_hal_msp.o
 .debug_aranges
                0x00000480       0x20 Src\stm32f3xx_it.o
 .debug_aranges
                0x000004a0       0x28 Src\system_stm32f3xx.o
 .debug_aranges
                0x000004c8       0x28 startup\startup_stm32f303xe.o

.debug_ranges   0x00000000      0x7a0
 .debug_ranges  0x00000000       0xb0 Drivers\STM32F3xx_HAL_Driver\Src\stm32f3xx_hal.o
 .debug_ranges  0x000000b0      0x138 Drivers\STM32F3xx_HAL_Driver\Src\stm32f3xx_hal_cortex.o
 .debug_ranges  0x000001e8       0x68 Drivers\STM32F3xx_HAL_Driver\Src\stm32f3xx_hal_gpio.o
 .debug_ranges  0x00000250      0x1f0 Drivers\STM32F3xx_HAL_Driver\Src\stm32f3xx_hal_rcc.o
 .debug_ranges  0x00000440       0x90 Drivers\STM32F3xx_HAL_Driver\Src\stm32f3xx_hal_rcc_ex.o
 .debug_ranges  0x000004d0      0x190 Drivers\STM32F3xx_HAL_Driver\Src\stm32f3xx_hal_uart.o
 .debug_ranges  0x00000660       0xa0 Src\main.o
 .debug_ranges  0x00000700       0x58 Src\stm32f3xx_hal_msp.o
 .debug_ranges  0x00000758       0x10 Src\stm32f3xx_it.o
 .debug_ranges  0x00000768       0x18 Src\system_stm32f3xx.o
 .debug_ranges  0x00000780       0x20 startup\startup_stm32f303xe.o

.debug_line     0x00000000     0x352e
 .debug_line    0x00000000      0x426 Drivers\STM32F3xx_HAL_Driver\Src\stm32f3xx_hal.o
 .debug_line    0x00000426      0x4c8 Drivers\STM32F3xx_HAL_Driver\Src\stm32f3xx_hal_cortex.o
 .debug_line    0x000008ee      0x470 Drivers\STM32F3xx_HAL_Driver\Src\stm32f3xx_hal_gpio.o
 .debug_line    0x00000d5e      0x872 Drivers\STM32F3xx_HAL_Driver\Src\stm32f3xx_hal_rcc.o
 .debug_line    0x000015d0      0x596 Drivers\STM32F3xx_HAL_Driver\Src\stm32f3xx_hal_rcc_ex.o
 .debug_line    0x00001b66      0xd5c Drivers\STM32F3xx_HAL_Driver\Src\stm32f3xx_hal_uart.o
 .debug_line    0x000028c2      0x3b4 Src\main.o
 .debug_line    0x00002c76      0x348 Src\stm32f3xx_hal_msp.o
 .debug_line    0x00002fbe      0x27f Src\stm32f3xx_it.o
 .debug_line    0x0000323d      0x272 Src\system_stm32f3xx.o
 .debug_line    0x000034af       0x7f startup\startup_stm32f303xe.o

.debug_str      0x00000000     0x259c
 .debug_str     0x00000000      0xd62 Drivers\STM32F3xx_HAL_Driver\Src\stm32f3xx_hal.o
                                0xdf7 (size before relaxing)
 .debug_str     0x00000d62      0x3f0 Drivers\STM32F3xx_HAL_Driver\Src\stm32f3xx_hal_cortex.o
                               0x104a (size before relaxing)
 .debug_str     0x00001152      0x248 Drivers\STM32F3xx_HAL_Driver\Src\stm32f3xx_hal_gpio.o
                                0x962 (size before relaxing)
 .debug_str     0x0000139a      0x30d Drivers\STM32F3xx_HAL_Driver\Src\stm32f3xx_hal_rcc.o
                                0xac1 (size before relaxing)
 .debug_str     0x000016a7      0x2b9 Drivers\STM32F3xx_HAL_Driver\Src\stm32f3xx_hal_rcc_ex.o
                                0xa55 (size before relaxing)
 .debug_str     0x00001960      0xb13 Drivers\STM32F3xx_HAL_Driver\Src\stm32f3xx_hal_uart.o
                               0x12de (size before relaxing)
 .debug_str     0x00002473       0x98 Src\main.o
                               0x149f (size before relaxing)
 .debug_str     0x0000250b       0x1b Src\stm32f3xx_hal_msp.o
                               0x10a7 (size before relaxing)
 .debug_str     0x00002526       0x26 Src\stm32f3xx_it.o
                                0x684 (size before relaxing)
 .debug_str     0x0000254c       0x50 Src\system_stm32f3xx.o
                                0x746 (size before relaxing)

.comment        0x00000000       0x7c
 .comment       0x00000000       0x7c Drivers\STM32F3xx_HAL_Driver\Src\stm32f3xx_hal.o
                                 0x7d (size before relaxing)
 .comment       0x0000007c       0x7d Drivers\STM32F3xx_HAL_Driver\Src\stm32f3xx_hal_cortex.o
 .comment       0x0000007c       0x7d Drivers\STM32F3xx_HAL_Driver\Src\stm32f3xx_hal_gpio.o
 .comment       0x0000007c       0x7d Drivers\STM32F3xx_HAL_Driver\Src\stm32f3xx_hal_rcc.o
 .comment       0x0000007c       0x7d Drivers\STM32F3xx_HAL_Driver\Src\stm32f3xx_hal_rcc_ex.o
 .comment       0x0000007c       0x7d Drivers\STM32F3xx_HAL_Driver\Src\stm32f3xx_hal_uart.o
 .comment       0x0000007c       0x7d Src\main.o
 .comment       0x0000007c       0x7d Src\stm32f3xx_hal_msp.o
 .comment       0x0000007c       0x7d Src\stm32f3xx_it.o
 .comment       0x0000007c       0x7d Src\system_stm32f3xx.o

.debug_frame    0x00000000      0xc6c
 .debug_frame   0x00000000      0x194 Drivers\STM32F3xx_HAL_Driver\Src\stm32f3xx_hal.o
 .debug_frame   0x00000194      0x158 Drivers\STM32F3xx_HAL_Driver\Src\stm32f3xx_hal_cortex.o
 .debug_frame   0x000002ec       0xd8 Drivers\STM32F3xx_HAL_Driver\Src\stm32f3xx_hal_gpio.o
 .debug_frame   0x000003c4      0x138 Drivers\STM32F3xx_HAL_Driver\Src\stm32f3xx_hal_rcc.o
 .debug_frame   0x000004fc       0xb8 Drivers\STM32F3xx_HAL_Driver\Src\stm32f3xx_hal_rcc_ex.o
 .debug_frame   0x000005b4      0x568 Drivers\STM32F3xx_HAL_Driver\Src\stm32f3xx_hal_uart.o
 .debug_frame   0x00000b1c       0x64 Src\main.o
 .debug_frame   0x00000b80       0x5c Src\stm32f3xx_hal_msp.o
 .debug_frame   0x00000bdc       0x2c Src\stm32f3xx_it.o
 .debug_frame   0x00000c08       0x38 Src\system_stm32f3xx.o
 .debug_frame   0x00000c40       0x2c c:/program files (x86)/atollic/truestudio for stm32 9.0.0/armtools/bin/../lib/gcc/arm-atollic-eabi/6.3.1/../../../../arm-atollic-eabi/lib/armv7e-m/fpu\libc_nano.a(lib_a-init.o)
